Rc files read:
  NONE
Latexmk: This is Latexmk, John Collins, 15 June 2025. Version 4.87.
No existing .aux file, so I'll make a simple one, and require run of *latex.
Latexmk: applying rule 'xelatex'...
Rule 'xelatex':  Reasons for rerun
Category 'other':
  Rerun of 'xelatex' forced or previously required:
    Reason or flag: 'Initial setup'

------------
Run number 1 of rule 'xelatex'
------------
------------
Running 'xelatex -no-pdf -shell-escape -interaction=nonstopmode -halt-on-error -recorder  "main.tex"'
------------
This is XeTeX, Version 3.141592653-2.6-0.999998 (MiKTeX 26.5) (preloaded format=xelatex.fmt)
 \write18 enabled.
entering extended mode
(main.tex
LaTeX2e <2026-06-01>
L3 programming layer <2026-07-20>
(preamble.tex
(C:\Users\MrJSa\AppData\Local\Programs\MiKTeX\tex/latex/memoir\memoir.cls
Document Class: memoir 2025/11/04 v3.8.4b configurable book, report, article do
cument class
(C:\Users\MrJSa\AppData\Local\Programs\MiKTeX\tex/latex/xpatch\xpatch.sty
(C:\Users\MrJSa\AppData\Local\Programs\MiKTeX\tex/latex/l3kernel\expl3.sty
(C:\Users\MrJSa\AppData\Local\Programs\MiKTeX\tex/latex/l3backend\l3backend-xet
ex.def))
(C:\Users\MrJSa\AppData\Local\Programs\MiKTeX\tex/latex/l3packages/xparse\xpars
e.sty)
(C:\Users\MrJSa\AppData\Local\Programs\MiKTeX\tex/latex/etoolbox\etoolbox.sty))
(C:\Users\MrJSa\AppData\Local\Programs\MiKTeX\tex/generic/iftex\iftex.sty)
(C:\Users\MrJSa\AppData\Local\Programs\MiKTeX\tex/latex/memoir\mem10.clo)
(C:\Users\MrJSa\AppData\Local\Programs\MiKTeX\tex/latex/tools\array.sty)
(C:\Users\MrJSa\AppData\Local\Programs\MiKTeX\tex/latex/tools\dcolumn.sty)
(C:\Users\MrJSa\AppData\Local\Programs\MiKTeX\tex/latex/tools\delarray.sty)
(C:\Users\MrJSa\AppData\Local\Programs\MiKTeX\tex/latex/tools\tabularx.sty)
(C:\Users\MrJSa\AppData\Local\Programs\MiKTeX\tex/latex/booktabs\booktabs.sty)
(C:\Users\MrJSa\AppData\Local\Programs\MiKTeX\tex/latex/hyperref\nameref.sty
(C:\Users\MrJSa\AppData\Local\Programs\MiKTeX\tex/latex/refcount\refcount.sty
(C:\Users\MrJSa\AppData\Local\Programs\MiKTeX\tex/generic/ltxcmds\ltxcmds.sty)
(C:\Users\MrJSa\AppData\Local\Programs\MiKTeX\tex/generic/infwarerr\infwarerr.s
ty))
(C:\Users\MrJSa\AppData\Local\Programs\MiKTeX\tex/generic/gettitlestring\gettit
lestring.sty
(C:\Users\MrJSa\AppData\Local\Programs\MiKTeX\tex/latex/kvoptions\kvoptions.sty
(C:\Users\MrJSa\AppData\Local\Programs\MiKTeX\tex/latex/graphics\keyval.sty)
(C:\Users\MrJSa\AppData\Local\Programs\MiKTeX\tex/latex/kvsetkeys\kvsetkeys.sty
)))) (C:\Users\MrJSa\AppData\Local\Programs\MiKTeX\tex/latex/tools\verbatim.sty
) (C:\Users\MrJSa\AppData\Local\Programs\MiKTeX\tex/latex/base\shortvrb.sty))
(documenter.sty
(C:\Users\MrJSa\AppData\Local\Programs\MiKTeX\tex/latex/fontspec\fontspec.sty
(C:\Users\MrJSa\AppData\Local\Programs\MiKTeX\tex/latex/fontspec\fontspec-xetex
.sty (C:\Users\MrJSa\AppData\Local\Programs\MiKTeX\tex/latex/base\fontenc.sty)
(C:\Users\MrJSa\AppData\Local\Programs\MiKTeX\tex/latex/fontspec\fontspec.cfg))
)
(C:\Users\MrJSa\AppData\Local\Programs\MiKTeX\tex/latex/newunicodechar\newunico
dechar.sty)
(C:\Users\MrJSa\AppData\Local\Programs\MiKTeX\tex/latex/polyglossia\polyglossia
.sty
(C:\Users\MrJSa\AppData\Local\Programs\MiKTeX\tex/latex/polyglossia\gloss-latex
.ldf))
(C:\Users\MrJSa\AppData\Local\Programs\MiKTeX\tex/latex/xcolor\xcolor.sty
(C:\Users\MrJSa\AppData\Local\Programs\MiKTeX\tex/latex/graphics-cfg\color.cfg)
(C:\Users\MrJSa\AppData\Local\Programs\MiKTeX\tex/latex/graphics-def\xetex.def)
 (C:\Users\MrJSa\AppData\Local\Programs\MiKTeX\tex/latex/graphics\mathcolor.ltx
)) (C:\Users\MrJSa\AppData\Local\Programs\MiKTeX\tex/latex/amsmath\amsmath.sty
For additional information on amsmath, use the `?' option.
(C:\Users\MrJSa\AppData\Local\Programs\MiKTeX\tex/latex/amsmath\amstext.sty
(C:\Users\MrJSa\AppData\Local\Programs\MiKTeX\tex/latex/amsmath\amsgen.sty))
(C:\Users\MrJSa\AppData\Local\Programs\MiKTeX\tex/latex/amsmath\amsbsy.sty)
(C:\Users\MrJSa\AppData\Local\Programs\MiKTeX\tex/latex/amsmath\amsopn.sty))
(C:\Users\MrJSa\AppData\Local\Programs\MiKTeX\tex/latex/amsfonts\amssymb.sty
(C:\Users\MrJSa\AppData\Local\Programs\MiKTeX\tex/latex/amsfonts\amsfonts.sty))
 (C:\Users\MrJSa\AppData\Local\Programs\MiKTeX\tex/latex/minted\minted.sty
(C:\Users\MrJSa\AppData\Local\Programs\MiKTeX\tex/generic/catchfile\catchfile.s
ty
(C:\Users\MrJSa\AppData\Local\Programs\MiKTeX\tex/generic/etexcmds\etexcmds.sty
)) (C:\Users\MrJSa\AppData\Local\Programs\MiKTeX\tex/latex/fvextra\fvextra.sty
(C:\Users\MrJSa\AppData\Local\Programs\MiKTeX\tex/latex/fancyvrb\fancyvrb.sty)
(C:\Users\MrJSa\AppData\Local\Programs\MiKTeX\tex/generic/pdftexcmds\pdftexcmds
.sty)
(C:\Users\MrJSa\AppData\Local\Programs\MiKTeX\tex/latex/upquote\upquote.sty
(C:\Users\MrJSa\AppData\Local\Programs\MiKTeX\tex/latex/base\textcomp.sty))
(C:\Users\MrJSa\AppData\Local\Programs\MiKTeX\tex/latex/lineno\lineno.sty))
(C:\Users\MrJSa\AppData\Local\Programs\MiKTeX\tex/latex/latex2pydata\latex2pyda
ta.sty)
(C:\Users\MrJSa\AppData\Local\Programs\MiKTeX\tex/latex/pgf/utilities\pgfkeys.s
ty
(C:\Users\MrJSa\AppData\Local\Programs\MiKTeX\tex/generic/pgf/utilities\pgfkeys
.code.tex
(C:\Users\MrJSa\AppData\Local\Programs\MiKTeX\tex/generic/pgf/utilities\pgfkeys
libraryfiltered.code.tex)))
(C:\Users\MrJSa\AppData\Local\Programs\MiKTeX\tex/latex/pgfopts\pgfopts.sty)
(C:\Users\MrJSa\AppData\Local\Programs\MiKTeX\tex/latex/tools\shellesc.sty)
(C:\Users\MrJSa\AppData\Local\Programs\MiKTeX\tex/latex/float\float.sty))
(C:\Users\MrJSa\AppData\Local\Programs\MiKTeX\tex/latex/tabulary\tabulary.sty)
(C:\Users\MrJSa\AppData\Local\Programs\MiKTeX\tex/latex/hyperref\hyperref.sty
(C:\Users\MrJSa\AppData\Local\Programs\MiKTeX\tex/generic/kvdefinekeys\kvdefine
keys.sty)
(C:\Users\MrJSa\AppData\Local\Programs\MiKTeX\tex/generic/pdfescape\pdfescape.s
ty) (C:\Users\MrJSa\AppData\Local\Programs\MiKTeX\tex/latex/hycolor\hycolor.sty
)
(C:\Users\MrJSa\AppData\Local\Programs\MiKTeX\tex/generic/stringenc\stringenc.s
ty) (C:\Users\MrJSa\AppData\Local\Programs\MiKTeX\tex/latex/hyperref\pd1enc.def
) (C:\Users\MrJSa\AppData\Local\Programs\MiKTeX\tex/generic/intcalc\intcalc.sty
) (C:\Users\MrJSa\AppData\Local\Programs\MiKTeX\tex/latex/hyperref\puenc.def)
(C:\Users\MrJSa\AppData\Local\Programs\MiKTeX\tex/latex/url\url.sty)
(C:\Users\MrJSa\AppData\Local\Programs\MiKTeX\tex/generic/bitset\bitset.sty
(C:\Users\MrJSa\AppData\Local\Programs\MiKTeX\tex/generic/bigintcalc\bigintcalc
.sty)))
(C:\Users\MrJSa\AppData\Local\Programs\MiKTeX\tex/latex/hyperref\hxetex.def
(C:\Users\MrJSa\AppData\Local\Programs\MiKTeX\tex/latex/rerunfilecheck\rerunfil
echeck.sty
(C:\Users\MrJSa\AppData\Local\Programs\MiKTeX\tex/generic/uniquecounter\uniquec
ounter.sty)))
(C:\Users\MrJSa\AppData\Local\Programs\MiKTeX\tex/latex/memoir\memhfixc.sty)

Package hyperref Warning: Option `pdfpagelabels' has already been used,
(hyperref)                setting the option has no effect on input line 58.


Package hyperref Warning: Option `bookmarks' has already been used,
(hyperref)                setting the option has no effect on input line 58.


Package hyperref Warning: Option `hyperindex' has already been used,
(hyperref)                setting the option has no effect on input line 58.


******************************************************
Stock height and width: 794.96999pt by 614.295pt
Top and edge trims: 0pt and 0pt
Page height and width: 794.96999pt by 614.295pt
Text height and width: 622pt by 433pt
Spine and edge margins: 108.405pt and 72.26999pt
Upper and lower margins: 108.405pt and 64.56499pt
Headheight and headsep: 12pt and 24.13501pt
Footskip: 25.29494pt
Columnsep and columnseprule: 10pt and 0pt
Marginparsep and marginparwidth: 7pt and 58.26999pt
Sidecapsep and sidecapwidth: 7pt and 71pt
Sidebarhsep and sidebarwidth: 7pt and 71pt
Sidebarvsep and sidebartopsep: 12pt and 0pt
Sidebarheight: 548.39996pt
Sidefoothsep and sidefootwidth: 7pt and 71pt
Sidefootvsep and sidefootheight: 12pt and 548.39996pt
******************************************************

(C:\Users\MrJSa\AppData\Local\Programs\MiKTeX\tex/latex/graphics\graphicx.sty
(C:\Users\MrJSa\AppData\Local\Programs\MiKTeX\tex/latex/graphics\graphics.sty
(C:\Users\MrJSa\AppData\Local\Programs\MiKTeX\tex/latex/graphics\trig.sty)
(C:\Users\MrJSa\AppData\Local\Programs\MiKTeX\tex/latex/graphics-cfg\graphics.c
fg)))
(C:\Users\MrJSa\AppData\Local\Programs\MiKTeX\tex/latex/adjustbox\adjustbox.sty
(C:\Users\MrJSa\AppData\Local\Programs\MiKTeX\tex/latex/xkeyval\xkeyval.sty
(C:\Users\MrJSa\AppData\Local\Programs\MiKTeX\tex/generic/xkeyval\xkeyval.tex
(C:\Users\MrJSa\AppData\Local\Programs\MiKTeX\tex/generic/xkeyval\xkvutils.tex)
))
(C:\Users\MrJSa\AppData\Local\Programs\MiKTeX\tex/latex/adjustbox\adjcalc.sty)
(C:\Users\MrJSa\AppData\Local\Programs\MiKTeX\tex/latex/adjustbox\trimclip.sty
(C:\Users\MrJSa\AppData\Local\Programs\MiKTeX\tex/latex/collectbox\collectbox.s
ty)
(C:\Users\MrJSa\AppData\Local\Programs\MiKTeX\tex/latex/adjustbox\tc-xetex.def)
)
(C:\Users\MrJSa\AppData\Local\Programs\MiKTeX\tex/latex/ifoddpage\ifoddpage.sty
) (C:\Users\MrJSa\AppData\Local\Programs\MiKTeX\tex/latex/varwidth\varwidth.sty
)
==> First Aid for varwidth.sty applied!
)
(C:\Users\MrJSa\AppData\Local\Programs\MiKTeX\tex/latex/tcolorbox\tcolorbox.sty

(C:\Users\MrJSa\AppData\Local\Programs\MiKTeX\tex/latex/pgf/frontendlayer\tikz.
sty
(C:\Users\MrJSa\AppData\Local\Programs\MiKTeX\tex/latex/pgf/basiclayer\pgf.sty
(C:\Users\MrJSa\AppData\Local\Programs\MiKTeX\tex/latex/pgf/utilities\pgfrcs.st
y
(C:\Users\MrJSa\AppData\Local\Programs\MiKTeX\tex/generic/pgf/utilities\pgfutil
-common.tex)
(C:\Users\MrJSa\AppData\Local\Programs\MiKTeX\tex/generic/pgf/utilities\pgfutil
-latex.def)
(C:\Users\MrJSa\AppData\Local\Programs\MiKTeX\tex/generic/pgf/utilities\pgfrcs.
code.tex
(C:\Users\MrJSa\AppData\Local\Programs\MiKTeX\tex/generic/pgf\pgf.revision.tex)
))
(C:\Users\MrJSa\AppData\Local\Programs\MiKTeX\tex/latex/pgf/basiclayer\pgfcore.
sty
(C:\Users\MrJSa\AppData\Local\Programs\MiKTeX\tex/latex/pgf/systemlayer\pgfsys.
sty
(C:\Users\MrJSa\AppData\Local\Programs\MiKTeX\tex/generic/pgf/systemlayer\pgfsy
s.code.tex
(C:\Users\MrJSa\AppData\Local\Programs\MiKTeX\tex/generic/pgf/systemlayer\pgf.c
fg)
(C:\Users\MrJSa\AppData\Local\Programs\MiKTeX\tex/generic/pgf/systemlayer\pgfsy
s-xetex.def
(C:\Users\MrJSa\AppData\Local\Programs\MiKTeX\tex/generic/pgf/systemlayer\pgfsy
s-dvipdfmx.def
(C:\Users\MrJSa\AppData\Local\Programs\MiKTeX\tex/generic/pgf/systemlayer\pgfsy
s-common-pdf.def))))
(C:\Users\MrJSa\AppData\Local\Programs\MiKTeX\tex/generic/pgf/systemlayer\pgfsy
ssoftpath.code.tex)
(C:\Users\MrJSa\AppData\Local\Programs\MiKTeX\tex/generic/pgf/systemlayer\pgfsy
sprotocol.code.tex))
(C:\Users\MrJSa\AppData\Local\Programs\MiKTeX\tex/generic/pgf/basiclayer\pgfcor
e.code.tex
(C:\Users\MrJSa\AppData\Local\Programs\MiKTeX\tex/generic/pgf/math\pgfmath.code
.tex
(C:\Users\MrJSa\AppData\Local\Programs\MiKTeX\tex/generic/pgf/math\pgfmathutil.
code.tex)
(C:\Users\MrJSa\AppData\Local\Programs\MiKTeX\tex/generic/pgf/math\pgfmathparse
r.code.tex)
(C:\Users\MrJSa\AppData\Local\Programs\MiKTeX\tex/generic/pgf/math\pgfmathfunct
ions.code.tex)
(C:\Users\MrJSa\AppData\Local\Programs\MiKTeX\tex/generic/pgf/math\pgfmathfunct
ions.basic.code.tex)
(C:\Users\MrJSa\AppData\Local\Programs\MiKTeX\tex/generic/pgf/math\pgfmathfunct
ions.trigonometric.code.tex)
(C:\Users\MrJSa\AppData\Local\Programs\MiKTeX\tex/generic/pgf/math\pgfmathfunct
ions.random.code.tex)
(C:\Users\MrJSa\AppData\Local\Programs\MiKTeX\tex/generic/pgf/math\pgfmathfunct
ions.comparison.code.tex)
(C:\Users\MrJSa\AppData\Local\Programs\MiKTeX\tex/generic/pgf/math\pgfmathfunct
ions.base.code.tex)
(C:\Users\MrJSa\AppData\Local\Programs\MiKTeX\tex/generic/pgf/math\pgfmathfunct
ions.round.code.tex)
(C:\Users\MrJSa\AppData\Local\Programs\MiKTeX\tex/generic/pgf/math\pgfmathfunct
ions.misc.code.tex)
(C:\Users\MrJSa\AppData\Local\Programs\MiKTeX\tex/generic/pgf/math\pgfmathfunct
ions.integerarithmetics.code.tex)
(C:\Users\MrJSa\AppData\Local\Programs\MiKTeX\tex/generic/pgf/math\pgfmathcalc.
code.tex)
(C:\Users\MrJSa\AppData\Local\Programs\MiKTeX\tex/generic/pgf/math\pgfmathfloat
.code.tex))
(C:\Users\MrJSa\AppData\Local\Programs\MiKTeX\tex/generic/pgf/math\pgfint.code.
tex)
(C:\Users\MrJSa\AppData\Local\Programs\MiKTeX\tex/generic/pgf/basiclayer\pgfcor
epoints.code.tex)
(C:\Users\MrJSa\AppData\Local\Programs\MiKTeX\tex/generic/pgf/basiclayer\pgfcor
epathconstruct.code.tex)
(C:\Users\MrJSa\AppData\Local\Programs\MiKTeX\tex/generic/pgf/basiclayer\pgfcor
epathusage.code.tex)
(C:\Users\MrJSa\AppData\Local\Programs\MiKTeX\tex/generic/pgf/basiclayer\pgfcor
escopes.code.tex)
(C:\Users\MrJSa\AppData\Local\Programs\MiKTeX\tex/generic/pgf/basiclayer\pgfcor
egraphicstate.code.tex)
(C:\Users\MrJSa\AppData\Local\Programs\MiKTeX\tex/generic/pgf/basiclayer\pgfcor
etransformations.code.tex)
(C:\Users\MrJSa\AppData\Local\Programs\MiKTeX\tex/generic/pgf/basiclayer\pgfcor
equick.code.tex)
(C:\Users\MrJSa\AppData\Local\Programs\MiKTeX\tex/generic/pgf/basiclayer\pgfcor
eobjects.code.tex)
(C:\Users\MrJSa\AppData\Local\Programs\MiKTeX\tex/generic/pgf/basiclayer\pgfcor
epathprocessing.code.tex)
(C:\Users\MrJSa\AppData\Local\Programs\MiKTeX\tex/generic/pgf/basiclayer\pgfcor
earrows.code.tex)
(C:\Users\MrJSa\AppData\Local\Programs\MiKTeX\tex/generic/pgf/basiclayer\pgfcor
eshade.code.tex)
(C:\Users\MrJSa\AppData\Local\Programs\MiKTeX\tex/generic/pgf/basiclayer\pgfcor
eimage.code.tex)
(C:\Users\MrJSa\AppData\Local\Programs\MiKTeX\tex/generic/pgf/basiclayer\pgfcor
eexternal.code.tex)
(C:\Users\MrJSa\AppData\Local\Programs\MiKTeX\tex/generic/pgf/basiclayer\pgfcor
elayers.code.tex)
(C:\Users\MrJSa\AppData\Local\Programs\MiKTeX\tex/generic/pgf/basiclayer\pgfcor
etransparency.code.tex)
(C:\Users\MrJSa\AppData\Local\Programs\MiKTeX\tex/generic/pgf/basiclayer\pgfcor
epatterns.code.tex)
(C:\Users\MrJSa\AppData\Local\Programs\MiKTeX\tex/generic/pgf/basiclayer\pgfcor
erdf.code.tex)))
(C:\Users\MrJSa\AppData\Local\Programs\MiKTeX\tex/generic/pgf/modules\pgfmodule
shapes.code.tex)
(C:\Users\MrJSa\AppData\Local\Programs\MiKTeX\tex/generic/pgf/modules\pgfmodule
plot.code.tex)
(C:\Users\MrJSa\AppData\Local\Programs\MiKTeX\tex/latex/pgf/compatibility\pgfco
mp-version-0-65.sty)
(C:\Users\MrJSa\AppData\Local\Programs\MiKTeX\tex/latex/pgf/compatibility\pgfco
mp-version-1-18.sty))
(C:\Users\MrJSa\AppData\Local\Programs\MiKTeX\tex/latex/pgf/utilities\pgffor.st
y (C:\Users\MrJSa\AppData\Local\Programs\MiKTeX\tex/latex/pgf/math\pgfmath.sty
(C:\Users\MrJSa\AppData\Local\Programs\MiKTeX\tex/generic/pgf/math\pgfmath.code
.tex))
(C:\Users\MrJSa\AppData\Local\Programs\MiKTeX\tex/generic/pgf/utilities\pgffor.
code.tex))
(C:\Users\MrJSa\AppData\Local\Programs\MiKTeX\tex/generic/pgf/frontendlayer/tik
z\tikz.code.tex
(C:\Users\MrJSa\AppData\Local\Programs\MiKTeX\tex/generic/pgf/libraries\pgflibr
aryplothandlers.code.tex)
(C:\Users\MrJSa\AppData\Local\Programs\MiKTeX\tex/generic/pgf/modules\pgfmodule
matrix.code.tex)
(C:\Users\MrJSa\AppData\Local\Programs\MiKTeX\tex/generic/pgf/frontendlayer/tik
z/libraries\tikzlibrarytopaths.code.tex)))
(C:\Users\MrJSa\AppData\Local\Programs\MiKTeX\tex/latex/environ\environ.sty
(C:\Users\MrJSa\AppData\Local\Programs\MiKTeX\tex/latex/trimspaces\trimspaces.s
ty)))) (custom.sty

******************************************************
Stock height and width: 794.96999pt by 614.295pt
Top and edge trims: 0pt and 0pt
Page height and width: 794.96999pt by 614.295pt
Text height and width: 646pt by 455pt
Spine and edge margins: 79.49744pt and 79.49744pt
Upper and lower margins: 83.11005pt and 65.85994pt
Headheight and headsep: 12pt and 27.74762pt
Footskip: 25.29494pt
Columnsep and columnseprule: 10pt and 0pt
Marginparsep and marginparwidth: 7pt and 65.49744pt
Sidecapsep and sidecapwidth: 7pt and 71pt
Sidebarhsep and sidebarwidth: 7pt and 71pt
Sidebarvsep and sidebartopsep: 12pt and 0pt
Sidebarheight: 548.39996pt
Sidefoothsep and sidefootwidth: 7pt and 71pt
Sidefootvsep and sidefootheight: 12pt and 548.39996pt
******************************************************

) (main.aux)

Package hyperref Warning: Rerun to get /PageLabels entry.

[1]
No file main.toc.
) [2]
Chapter 1.
(_FAD58DE7366495DB4650CFEFAC2FCD61.config.minted) (_minted/default.style.minted
) (_minted/3AA4F61E1679525BD28BE452024D5596.highlight.minted)
(C:\Users\MrJSa\AppData\Local\Programs\MiKTeX\tex/latex/amsfonts\umsa.fd)
(C:\Users\MrJSa\AppData\Local\Programs\MiKTeX\tex/latex/amsfonts\umsb.fd)
(_minted/C5FE61E106278D02042B2EB972D5F848.highlight.minted) [1] [2]
Chapter 2.
(_minted/0B7018BDF0DDE02549D2B3D33541404E.highlight.minted) [3]
(_minted/6B6F8E997C0F869447F399662EAAF8FD.highlight.minted)
(_minted/D727BC5F65D30D07C9E051F0C7D76693.highlight.minted)
(_minted/D0396CD9B3DED6C2C7EDE55F04C6CF50.highlight.minted)
(_minted/9FB53275998E4D43FE51BC0B3D3F9D97.highlight.minted) [4]
(_minted/D26A3501B861DCF71CDA5D2631EA139C.highlight.minted)
(_minted/DBBAD38F364A76DE34E626317F6382EF.highlight.minted) [5]
Chapter 3.
(_minted/F8A89EC526E871B4E3D46E22F2D31AEF.highlight.minted)
(_minted/E8AB2A8BD6E256A8382A210017B9CC8F.highlight.minted)
(_minted/8A200A5D2A341BDDBA6C0128A1A7DBA3.highlight.minted) [6]
(_minted/7735F24C5288F679A77B095E7E2599DB.highlight.minted)
(_minted/8962C2E8E8705DAEF1F021AD555BF604.highlight.minted)
(_minted/7DBC3CF8A30ADB6DE2A2EA6560B72C5F.highlight.minted) [7]
(_minted/3BA8064B79692E34A48F21164F3252AE.highlight.minted) [8]
Chapter 4.
(_minted/B0683E93894E2308861E4EA3BC0B76EE.highlight.minted)
(_minted/A9E21D771C22D67F072CAFA2371137EE.highlight.minted) [9]
(_minted/D9E1A623B9FAA6D2870B739722DF19E2.highlight.minted)
(_minted/5D694F501EB2EFF06E09C560D78636FA.highlight.minted) [10]
(_minted/903E98343CB44DA205E5AA24F0AAAADC.highlight.minted)
(_minted/038BF864F02C1472D81DBFA9D94427EC.highlight.minted) [11] [12]
Chapter 5.
(_minted/61ECAE7717CEE4C80A14BB3206B843EF.highlight.minted)
(_minted/160AFB7182767C61BB22FEFAEF4A120A.highlight.minted)
(_minted/1E4A23916D8F0BB2EB25B76A3C622DF5.highlight.minted)
(_minted/0C9C42B518A632C9F188B0A1B4AB636D.highlight.minted)
(_minted/30E9E5BE36187E171E851E0197B211B9.highlight.minted) [13]
(_minted/9A51BB005D4B104924FBFC7C733F8DB1.highlight.minted)
(_minted/F3B7A3CA57206D206040B446B728FF6B.highlight.minted)
(_minted/F2D0B1E295FF6EB58C1EBD414A49AA74.highlight.minted) [14]
Chapter 6.
(_minted/D2FAACD8A49495E76AB4CFB13A8429B6.highlight.minted)
(_minted/5A16A2D9896992A4DF4F3CDD5D5192AB.highlight.minted) [15]
(_minted/341531888DAC0E6A8D717A54A1799523.highlight.minted)
(_minted/0A534092327EE7E8E91F065D7370CA12.highlight.minted)
(_minted/CF7416E64DE76E51F1EEE01E1EA6F2EF.highlight.minted)
(_minted/05D570C6A3EF8CE12104C2330266F864.highlight.minted)
(_minted/24669E284D985C826C71E3B7007584D9.highlight.minted)
(_minted/17FE4968B0468E716E0DC9AC3E0D4C60.highlight.minted) [16] [17]
Chapter 7.
(_minted/9151AF8B234E8BD9F391769954518E36.highlight.minted)
(_minted/D8EEDCDDBE3C3D359385903859BD8424.highlight.minted) [18]
(_minted/5F5C9F367FC1BCF886F2BD749840D3AC.highlight.minted)
(_minted/5D9A709332A543EDBD86D4E5420BA44D.highlight.minted) [19] [20]
Chapter 8.
[21]
Chapter 9.
[22] (main.aux)

LaTeX Warning: Label(s) may have changed. Rerun to get cross-references right.


Package rerunfilecheck Warning: File `main.out' has changed.
(rerunfilecheck)                Rerun to get outlines right
(rerunfilecheck)                or use package `bookmark'.

 )
Output written on main.xdv (24 pages, 538364 bytes).
Transcript written on main.log.
Latexmk: Getting log file 'main.log'
Latexmk: Examining 'main.fls'
Latexmk: Examining 'main.log'
Latexmk: References changed.
Latexmk: Missing input file 'main.toc' message in .log file:
  No file main.toc.
Latexmk: References changed.
Latexmk: References changed.
Latexmk: Log file says output to 'main.xdv'
Latexmk: Using bibtex to make bibliography file(s).
Latexmk: applying rule 'xelatex'...
Rule 'xelatex':  Reasons for rerun
Changed files or newly in use/created:
  main.aux
  main.out
  main.toc

------------
Run number 2 of rule 'xelatex'
------------
------------
Running 'xelatex -no-pdf -shell-escape -interaction=nonstopmode -halt-on-error -recorder  "main.tex"'
------------
This is XeTeX, Version 3.141592653-2.6-0.999998 (MiKTeX 26.5) (preloaded format=xelatex.fmt)
 \write18 enabled.
entering extended mode
(main.tex
LaTeX2e <2026-06-01>
L3 programming layer <2026-07-20>
(preamble.tex
(C:\Users\MrJSa\AppData\Local\Programs\MiKTeX\tex/latex/memoir\memoir.cls
Document Class: memoir 2025/11/04 v3.8.4b configurable book, report, article do
cument class
(C:\Users\MrJSa\AppData\Local\Programs\MiKTeX\tex/latex/xpatch\xpatch.sty
(C:\Users\MrJSa\AppData\Local\Programs\MiKTeX\tex/latex/l3kernel\expl3.sty
(C:\Users\MrJSa\AppData\Local\Programs\MiKTeX\tex/latex/l3backend\l3backend-xet
ex.def))
(C:\Users\MrJSa\AppData\Local\Programs\MiKTeX\tex/latex/l3packages/xparse\xpars
e.sty)
(C:\Users\MrJSa\AppData\Local\Programs\MiKTeX\tex/latex/etoolbox\etoolbox.sty))
(C:\Users\MrJSa\AppData\Local\Programs\MiKTeX\tex/generic/iftex\iftex.sty)
(C:\Users\MrJSa\AppData\Local\Programs\MiKTeX\tex/latex/memoir\mem10.clo)
(C:\Users\MrJSa\AppData\Local\Programs\MiKTeX\tex/latex/tools\array.sty)
(C:\Users\MrJSa\AppData\Local\Programs\MiKTeX\tex/latex/tools\dcolumn.sty)
(C:\Users\MrJSa\AppData\Local\Programs\MiKTeX\tex/latex/tools\delarray.sty)
(C:\Users\MrJSa\AppData\Local\Programs\MiKTeX\tex/latex/tools\tabularx.sty)
(C:\Users\MrJSa\AppData\Local\Programs\MiKTeX\tex/latex/booktabs\booktabs.sty)
(C:\Users\MrJSa\AppData\Local\Programs\MiKTeX\tex/latex/hyperref\nameref.sty
(C:\Users\MrJSa\AppData\Local\Programs\MiKTeX\tex/latex/refcount\refcount.sty
(C:\Users\MrJSa\AppData\Local\Programs\MiKTeX\tex/generic/ltxcmds\ltxcmds.sty)
(C:\Users\MrJSa\AppData\Local\Programs\MiKTeX\tex/generic/infwarerr\infwarerr.s
ty))
(C:\Users\MrJSa\AppData\Local\Programs\MiKTeX\tex/generic/gettitlestring\gettit
lestring.sty
(C:\Users\MrJSa\AppData\Local\Programs\MiKTeX\tex/latex/kvoptions\kvoptions.sty
(C:\Users\MrJSa\AppData\Local\Programs\MiKTeX\tex/latex/graphics\keyval.sty)
(C:\Users\MrJSa\AppData\Local\Programs\MiKTeX\tex/latex/kvsetkeys\kvsetkeys.sty
)))) (C:\Users\MrJSa\AppData\Local\Programs\MiKTeX\tex/latex/tools\verbatim.sty
) (C:\Users\MrJSa\AppData\Local\Programs\MiKTeX\tex/latex/base\shortvrb.sty))
(documenter.sty
(C:\Users\MrJSa\AppData\Local\Programs\MiKTeX\tex/latex/fontspec\fontspec.sty
(C:\Users\MrJSa\AppData\Local\Programs\MiKTeX\tex/latex/fontspec\fontspec-xetex
.sty (C:\Users\MrJSa\AppData\Local\Programs\MiKTeX\tex/latex/base\fontenc.sty)
(C:\Users\MrJSa\AppData\Local\Programs\MiKTeX\tex/latex/fontspec\fontspec.cfg))
)
(C:\Users\MrJSa\AppData\Local\Programs\MiKTeX\tex/latex/newunicodechar\newunico
dechar.sty)
(C:\Users\MrJSa\AppData\Local\Programs\MiKTeX\tex/latex/polyglossia\polyglossia
.sty
(C:\Users\MrJSa\AppData\Local\Programs\MiKTeX\tex/latex/polyglossia\gloss-latex
.ldf))
(C:\Users\MrJSa\AppData\Local\Programs\MiKTeX\tex/latex/xcolor\xcolor.sty
(C:\Users\MrJSa\AppData\Local\Programs\MiKTeX\tex/latex/graphics-cfg\color.cfg)
(C:\Users\MrJSa\AppData\Local\Programs\MiKTeX\tex/latex/graphics-def\xetex.def)
 (C:\Users\MrJSa\AppData\Local\Programs\MiKTeX\tex/latex/graphics\mathcolor.ltx
)) (C:\Users\MrJSa\AppData\Local\Programs\MiKTeX\tex/latex/amsmath\amsmath.sty
For additional information on amsmath, use the `?' option.
(C:\Users\MrJSa\AppData\Local\Programs\MiKTeX\tex/latex/amsmath\amstext.sty
(C:\Users\MrJSa\AppData\Local\Programs\MiKTeX\tex/latex/amsmath\amsgen.sty))
(C:\Users\MrJSa\AppData\Local\Programs\MiKTeX\tex/latex/amsmath\amsbsy.sty)
(C:\Users\MrJSa\AppData\Local\Programs\MiKTeX\tex/latex/amsmath\amsopn.sty))
(C:\Users\MrJSa\AppData\Local\Programs\MiKTeX\tex/latex/amsfonts\amssymb.sty
(C:\Users\MrJSa\AppData\Local\Programs\MiKTeX\tex/latex/amsfonts\amsfonts.sty))
 (C:\Users\MrJSa\AppData\Local\Programs\MiKTeX\tex/latex/minted\minted.sty
(C:\Users\MrJSa\AppData\Local\Programs\MiKTeX\tex/generic/catchfile\catchfile.s
ty
(C:\Users\MrJSa\AppData\Local\Programs\MiKTeX\tex/generic/etexcmds\etexcmds.sty
)) (C:\Users\MrJSa\AppData\Local\Programs\MiKTeX\tex/latex/fvextra\fvextra.sty
(C:\Users\MrJSa\AppData\Local\Programs\MiKTeX\tex/latex/fancyvrb\fancyvrb.sty)
(C:\Users\MrJSa\AppData\Local\Programs\MiKTeX\tex/generic/pdftexcmds\pdftexcmds
.sty)
(C:\Users\MrJSa\AppData\Local\Programs\MiKTeX\tex/latex/upquote\upquote.sty
(C:\Users\MrJSa\AppData\Local\Programs\MiKTeX\tex/latex/base\textcomp.sty))
(C:\Users\MrJSa\AppData\Local\Programs\MiKTeX\tex/latex/lineno\lineno.sty))
(C:\Users\MrJSa\AppData\Local\Programs\MiKTeX\tex/latex/latex2pydata\latex2pyda
ta.sty)
(C:\Users\MrJSa\AppData\Local\Programs\MiKTeX\tex/latex/pgf/utilities\pgfkeys.s
ty
(C:\Users\MrJSa\AppData\Local\Programs\MiKTeX\tex/generic/pgf/utilities\pgfkeys
.code.tex
(C:\Users\MrJSa\AppData\Local\Programs\MiKTeX\tex/generic/pgf/utilities\pgfkeys
libraryfiltered.code.tex)))
(C:\Users\MrJSa\AppData\Local\Programs\MiKTeX\tex/latex/pgfopts\pgfopts.sty)
(C:\Users\MrJSa\AppData\Local\Programs\MiKTeX\tex/latex/tools\shellesc.sty)
(C:\Users\MrJSa\AppData\Local\Programs\MiKTeX\tex/latex/float\float.sty))
(C:\Users\MrJSa\AppData\Local\Programs\MiKTeX\tex/latex/tabulary\tabulary.sty)
(C:\Users\MrJSa\AppData\Local\Programs\MiKTeX\tex/latex/hyperref\hyperref.sty
(C:\Users\MrJSa\AppData\Local\Programs\MiKTeX\tex/generic/kvdefinekeys\kvdefine
keys.sty)
(C:\Users\MrJSa\AppData\Local\Programs\MiKTeX\tex/generic/pdfescape\pdfescape.s
ty) (C:\Users\MrJSa\AppData\Local\Programs\MiKTeX\tex/latex/hycolor\hycolor.sty
)
(C:\Users\MrJSa\AppData\Local\Programs\MiKTeX\tex/generic/stringenc\stringenc.s
ty) (C:\Users\MrJSa\AppData\Local\Programs\MiKTeX\tex/latex/hyperref\pd1enc.def
) (C:\Users\MrJSa\AppData\Local\Programs\MiKTeX\tex/generic/intcalc\intcalc.sty
) (C:\Users\MrJSa\AppData\Local\Programs\MiKTeX\tex/latex/hyperref\puenc.def)
(C:\Users\MrJSa\AppData\Local\Programs\MiKTeX\tex/latex/url\url.sty)
(C:\Users\MrJSa\AppData\Local\Programs\MiKTeX\tex/generic/bitset\bitset.sty
(C:\Users\MrJSa\AppData\Local\Programs\MiKTeX\tex/generic/bigintcalc\bigintcalc
.sty)))
(C:\Users\MrJSa\AppData\Local\Programs\MiKTeX\tex/latex/hyperref\hxetex.def
(C:\Users\MrJSa\AppData\Local\Programs\MiKTeX\tex/latex/rerunfilecheck\rerunfil
echeck.sty
(C:\Users\MrJSa\AppData\Local\Programs\MiKTeX\tex/generic/uniquecounter\uniquec
ounter.sty)))
(C:\Users\MrJSa\AppData\Local\Programs\MiKTeX\tex/latex/memoir\memhfixc.sty)

Package hyperref Warning: Option `pdfpagelabels' has already been used,
(hyperref)                setting the option has no effect on input line 58.


Package hyperref Warning: Option `bookmarks' has already been used,
(hyperref)                setting the option has no effect on input line 58.


Package hyperref Warning: Option `hyperindex' has already been used,
(hyperref)                setting the option has no effect on input line 58.


******************************************************
Stock height and width: 794.96999pt by 614.295pt
Top and edge trims: 0pt and 0pt
Page height and width: 794.96999pt by 614.295pt
Text height and width: 622pt by 433pt
Spine and edge margins: 108.405pt and 72.26999pt
Upper and lower margins: 108.405pt and 64.56499pt
Headheight and headsep: 12pt and 24.13501pt
Footskip: 25.29494pt
Columnsep and columnseprule: 10pt and 0pt
Marginparsep and marginparwidth: 7pt and 58.26999pt
Sidecapsep and sidecapwidth: 7pt and 71pt
Sidebarhsep and sidebarwidth: 7pt and 71pt
Sidebarvsep and sidebartopsep: 12pt and 0pt
Sidebarheight: 548.39996pt
Sidefoothsep and sidefootwidth: 7pt and 71pt
Sidefootvsep and sidefootheight: 12pt and 548.39996pt
******************************************************

(C:\Users\MrJSa\AppData\Local\Programs\MiKTeX\tex/latex/graphics\graphicx.sty
(C:\Users\MrJSa\AppData\Local\Programs\MiKTeX\tex/latex/graphics\graphics.sty
(C:\Users\MrJSa\AppData\Local\Programs\MiKTeX\tex/latex/graphics\trig.sty)
(C:\Users\MrJSa\AppData\Local\Programs\MiKTeX\tex/latex/graphics-cfg\graphics.c
fg)))
(C:\Users\MrJSa\AppData\Local\Programs\MiKTeX\tex/latex/adjustbox\adjustbox.sty
(C:\Users\MrJSa\AppData\Local\Programs\MiKTeX\tex/latex/xkeyval\xkeyval.sty
(C:\Users\MrJSa\AppData\Local\Programs\MiKTeX\tex/generic/xkeyval\xkeyval.tex
(C:\Users\MrJSa\AppData\Local\Programs\MiKTeX\tex/generic/xkeyval\xkvutils.tex)
))
(C:\Users\MrJSa\AppData\Local\Programs\MiKTeX\tex/latex/adjustbox\adjcalc.sty)
(C:\Users\MrJSa\AppData\Local\Programs\MiKTeX\tex/latex/adjustbox\trimclip.sty
(C:\Users\MrJSa\AppData\Local\Programs\MiKTeX\tex/latex/collectbox\collectbox.s
ty)
(C:\Users\MrJSa\AppData\Local\Programs\MiKTeX\tex/latex/adjustbox\tc-xetex.def)
)
(C:\Users\MrJSa\AppData\Local\Programs\MiKTeX\tex/latex/ifoddpage\ifoddpage.sty
) (C:\Users\MrJSa\AppData\Local\Programs\MiKTeX\tex/latex/varwidth\varwidth.sty
)
==> First Aid for varwidth.sty applied!
)
(C:\Users\MrJSa\AppData\Local\Programs\MiKTeX\tex/latex/tcolorbox\tcolorbox.sty

(C:\Users\MrJSa\AppData\Local\Programs\MiKTeX\tex/latex/pgf/frontendlayer\tikz.
sty
(C:\Users\MrJSa\AppData\Local\Programs\MiKTeX\tex/latex/pgf/basiclayer\pgf.sty
(C:\Users\MrJSa\AppData\Local\Programs\MiKTeX\tex/latex/pgf/utilities\pgfrcs.st
y
(C:\Users\MrJSa\AppData\Local\Programs\MiKTeX\tex/generic/pgf/utilities\pgfutil
-common.tex)
(C:\Users\MrJSa\AppData\Local\Programs\MiKTeX\tex/generic/pgf/utilities\pgfutil
-latex.def)
(C:\Users\MrJSa\AppData\Local\Programs\MiKTeX\tex/generic/pgf/utilities\pgfrcs.
code.tex
(C:\Users\MrJSa\AppData\Local\Programs\MiKTeX\tex/generic/pgf\pgf.revision.tex)
))
(C:\Users\MrJSa\AppData\Local\Programs\MiKTeX\tex/latex/pgf/basiclayer\pgfcore.
sty
(C:\Users\MrJSa\AppData\Local\Programs\MiKTeX\tex/latex/pgf/systemlayer\pgfsys.
sty
(C:\Users\MrJSa\AppData\Local\Programs\MiKTeX\tex/generic/pgf/systemlayer\pgfsy
s.code.tex
(C:\Users\MrJSa\AppData\Local\Programs\MiKTeX\tex/generic/pgf/systemlayer\pgf.c
fg)
(C:\Users\MrJSa\AppData\Local\Programs\MiKTeX\tex/generic/pgf/systemlayer\pgfsy
s-xetex.def
(C:\Users\MrJSa\AppData\Local\Programs\MiKTeX\tex/generic/pgf/systemlayer\pgfsy
s-dvipdfmx.def
(C:\Users\MrJSa\AppData\Local\Programs\MiKTeX\tex/generic/pgf/systemlayer\pgfsy
s-common-pdf.def))))
(C:\Users\MrJSa\AppData\Local\Programs\MiKTeX\tex/generic/pgf/systemlayer\pgfsy
ssoftpath.code.tex)
(C:\Users\MrJSa\AppData\Local\Programs\MiKTeX\tex/generic/pgf/systemlayer\pgfsy
sprotocol.code.tex))
(C:\Users\MrJSa\AppData\Local\Programs\MiKTeX\tex/generic/pgf/basiclayer\pgfcor
e.code.tex
(C:\Users\MrJSa\AppData\Local\Programs\MiKTeX\tex/generic/pgf/math\pgfmath.code
.tex
(C:\Users\MrJSa\AppData\Local\Programs\MiKTeX\tex/generic/pgf/math\pgfmathutil.
code.tex)
(C:\Users\MrJSa\AppData\Local\Programs\MiKTeX\tex/generic/pgf/math\pgfmathparse
r.code.tex)
(C:\Users\MrJSa\AppData\Local\Programs\MiKTeX\tex/generic/pgf/math\pgfmathfunct
ions.code.tex)
(C:\Users\MrJSa\AppData\Local\Programs\MiKTeX\tex/generic/pgf/math\pgfmathfunct
ions.basic.code.tex)
(C:\Users\MrJSa\AppData\Local\Programs\MiKTeX\tex/generic/pgf/math\pgfmathfunct
ions.trigonometric.code.tex)
(C:\Users\MrJSa\AppData\Local\Programs\MiKTeX\tex/generic/pgf/math\pgfmathfunct
ions.random.code.tex)
(C:\Users\MrJSa\AppData\Local\Programs\MiKTeX\tex/generic/pgf/math\pgfmathfunct
ions.comparison.code.tex)
(C:\Users\MrJSa\AppData\Local\Programs\MiKTeX\tex/generic/pgf/math\pgfmathfunct
ions.base.code.tex)
(C:\Users\MrJSa\AppData\Local\Programs\MiKTeX\tex/generic/pgf/math\pgfmathfunct
ions.round.code.tex)
(C:\Users\MrJSa\AppData\Local\Programs\MiKTeX\tex/generic/pgf/math\pgfmathfunct
ions.misc.code.tex)
(C:\Users\MrJSa\AppData\Local\Programs\MiKTeX\tex/generic/pgf/math\pgfmathfunct
ions.integerarithmetics.code.tex)
(C:\Users\MrJSa\AppData\Local\Programs\MiKTeX\tex/generic/pgf/math\pgfmathcalc.
code.tex)
(C:\Users\MrJSa\AppData\Local\Programs\MiKTeX\tex/generic/pgf/math\pgfmathfloat
.code.tex))
(C:\Users\MrJSa\AppData\Local\Programs\MiKTeX\tex/generic/pgf/math\pgfint.code.
tex)
(C:\Users\MrJSa\AppData\Local\Programs\MiKTeX\tex/generic/pgf/basiclayer\pgfcor
epoints.code.tex)
(C:\Users\MrJSa\AppData\Local\Programs\MiKTeX\tex/generic/pgf/basiclayer\pgfcor
epathconstruct.code.tex)
(C:\Users\MrJSa\AppData\Local\Programs\MiKTeX\tex/generic/pgf/basiclayer\pgfcor
epathusage.code.tex)
(C:\Users\MrJSa\AppData\Local\Programs\MiKTeX\tex/generic/pgf/basiclayer\pgfcor
escopes.code.tex)
(C:\Users\MrJSa\AppData\Local\Programs\MiKTeX\tex/generic/pgf/basiclayer\pgfcor
egraphicstate.code.tex)
(C:\Users\MrJSa\AppData\Local\Programs\MiKTeX\tex/generic/pgf/basiclayer\pgfcor
etransformations.code.tex)
(C:\Users\MrJSa\AppData\Local\Programs\MiKTeX\tex/generic/pgf/basiclayer\pgfcor
equick.code.tex)
(C:\Users\MrJSa\AppData\Local\Programs\MiKTeX\tex/generic/pgf/basiclayer\pgfcor
eobjects.code.tex)
(C:\Users\MrJSa\AppData\Local\Programs\MiKTeX\tex/generic/pgf/basiclayer\pgfcor
epathprocessing.code.tex)
(C:\Users\MrJSa\AppData\Local\Programs\MiKTeX\tex/generic/pgf/basiclayer\pgfcor
earrows.code.tex)
(C:\Users\MrJSa\AppData\Local\Programs\MiKTeX\tex/generic/pgf/basiclayer\pgfcor
eshade.code.tex)
(C:\Users\MrJSa\AppData\Local\Programs\MiKTeX\tex/generic/pgf/basiclayer\pgfcor
eimage.code.tex)
(C:\Users\MrJSa\AppData\Local\Programs\MiKTeX\tex/generic/pgf/basiclayer\pgfcor
eexternal.code.tex)
(C:\Users\MrJSa\AppData\Local\Programs\MiKTeX\tex/generic/pgf/basiclayer\pgfcor
elayers.code.tex)
(C:\Users\MrJSa\AppData\Local\Programs\MiKTeX\tex/generic/pgf/basiclayer\pgfcor
etransparency.code.tex)
(C:\Users\MrJSa\AppData\Local\Programs\MiKTeX\tex/generic/pgf/basiclayer\pgfcor
epatterns.code.tex)
(C:\Users\MrJSa\AppData\Local\Programs\MiKTeX\tex/generic/pgf/basiclayer\pgfcor
erdf.code.tex)))
(C:\Users\MrJSa\AppData\Local\Programs\MiKTeX\tex/generic/pgf/modules\pgfmodule
shapes.code.tex)
(C:\Users\MrJSa\AppData\Local\Programs\MiKTeX\tex/generic/pgf/modules\pgfmodule
plot.code.tex)
(C:\Users\MrJSa\AppData\Local\Programs\MiKTeX\tex/latex/pgf/compatibility\pgfco
mp-version-0-65.sty)
(C:\Users\MrJSa\AppData\Local\Programs\MiKTeX\tex/latex/pgf/compatibility\pgfco
mp-version-1-18.sty))
(C:\Users\MrJSa\AppData\Local\Programs\MiKTeX\tex/latex/pgf/utilities\pgffor.st
y (C:\Users\MrJSa\AppData\Local\Programs\MiKTeX\tex/latex/pgf/math\pgfmath.sty
(C:\Users\MrJSa\AppData\Local\Programs\MiKTeX\tex/generic/pgf/math\pgfmath.code
.tex))
(C:\Users\MrJSa\AppData\Local\Programs\MiKTeX\tex/generic/pgf/utilities\pgffor.
code.tex))
(C:\Users\MrJSa\AppData\Local\Programs\MiKTeX\tex/generic/pgf/frontendlayer/tik
z\tikz.code.tex
(C:\Users\MrJSa\AppData\Local\Programs\MiKTeX\tex/generic/pgf/libraries\pgflibr
aryplothandlers.code.tex)
(C:\Users\MrJSa\AppData\Local\Programs\MiKTeX\tex/generic/pgf/modules\pgfmodule
matrix.code.tex)
(C:\Users\MrJSa\AppData\Local\Programs\MiKTeX\tex/generic/pgf/frontendlayer/tik
z/libraries\tikzlibrarytopaths.code.tex)))
(C:\Users\MrJSa\AppData\Local\Programs\MiKTeX\tex/latex/environ\environ.sty
(C:\Users\MrJSa\AppData\Local\Programs\MiKTeX\tex/latex/trimspaces\trimspaces.s
ty)))) (custom.sty

******************************************************
Stock height and width: 794.96999pt by 614.295pt
Top and edge trims: 0pt and 0pt
Page height and width: 794.96999pt by 614.295pt
Text height and width: 646pt by 455pt
Spine and edge margins: 79.49744pt and 79.49744pt
Upper and lower margins: 83.11005pt and 65.85994pt
Headheight and headsep: 12pt and 27.74762pt
Footskip: 25.29494pt
Columnsep and columnseprule: 10pt and 0pt
Marginparsep and marginparwidth: 7pt and 65.49744pt
Sidecapsep and sidecapwidth: 7pt and 71pt
Sidebarhsep and sidebarwidth: 7pt and 71pt
Sidebarvsep and sidebartopsep: 12pt and 0pt
Sidebarheight: 548.39996pt
Sidefoothsep and sidefootwidth: 7pt and 71pt
Sidefootvsep and sidefootheight: 12pt and 548.39996pt
******************************************************

) (main.aux) (main.out) (main.out) [1] (main.toc
(C:\Users\MrJSa\AppData\Local\Programs\MiKTeX\tex/latex/amsfonts\umsa.fd)
(C:\Users\MrJSa\AppData\Local\Programs\MiKTeX\tex/latex/amsfonts\umsb.fd)
[2])) [3]
Chapter 1.
(_FAD58DE7366495DB4650CFEFAC2FCD61.config.minted) (_minted/default.style.minted
) (_minted/3AA4F61E1679525BD28BE452024D5596.highlight.minted)
(_minted/C5FE61E106278D02042B2EB972D5F848.highlight.minted) [1] [2]
Chapter 2.
(_minted/0B7018BDF0DDE02549D2B3D33541404E.highlight.minted) [3]
(_minted/6B6F8E997C0F869447F399662EAAF8FD.highlight.minted)
(_minted/D727BC5F65D30D07C9E051F0C7D76693.highlight.minted)
(_minted/D0396CD9B3DED6C2C7EDE55F04C6CF50.highlight.minted)
(_minted/9FB53275998E4D43FE51BC0B3D3F9D97.highlight.minted) [4]
(_minted/D26A3501B861DCF71CDA5D2631EA139C.highlight.minted)
(_minted/DBBAD38F364A76DE34E626317F6382EF.highlight.minted) [5]
Chapter 3.
(_minted/F8A89EC526E871B4E3D46E22F2D31AEF.highlight.minted)
(_minted/E8AB2A8BD6E256A8382A210017B9CC8F.highlight.minted)
(_minted/8A200A5D2A341BDDBA6C0128A1A7DBA3.highlight.minted) [6]
(_minted/7735F24C5288F679A77B095E7E2599DB.highlight.minted)
(_minted/8962C2E8E8705DAEF1F021AD555BF604.highlight.minted)
(_minted/7DBC3CF8A30ADB6DE2A2EA6560B72C5F.highlight.minted) [7]
(_minted/3BA8064B79692E34A48F21164F3252AE.highlight.minted) [8]
Chapter 4.
(_minted/B0683E93894E2308861E4EA3BC0B76EE.highlight.minted)
(_minted/A9E21D771C22D67F072CAFA2371137EE.highlight.minted) [9]
(_minted/D9E1A623B9FAA6D2870B739722DF19E2.highlight.minted)
(_minted/5D694F501EB2EFF06E09C560D78636FA.highlight.minted) [10]
(_minted/903E98343CB44DA205E5AA24F0AAAADC.highlight.minted)
(_minted/038BF864F02C1472D81DBFA9D94427EC.highlight.minted) [11] [12]
Chapter 5.
(_minted/61ECAE7717CEE4C80A14BB3206B843EF.highlight.minted)
(_minted/160AFB7182767C61BB22FEFAEF4A120A.highlight.minted)
(_minted/1E4A23916D8F0BB2EB25B76A3C622DF5.highlight.minted)
(_minted/0C9C42B518A632C9F188B0A1B4AB636D.highlight.minted)
(_minted/30E9E5BE36187E171E851E0197B211B9.highlight.minted) [13]
(_minted/9A51BB005D4B104924FBFC7C733F8DB1.highlight.minted)
(_minted/F3B7A3CA57206D206040B446B728FF6B.highlight.minted)
(_minted/F2D0B1E295FF6EB58C1EBD414A49AA74.highlight.minted) [14]
Chapter 6.
(_minted/D2FAACD8A49495E76AB4CFB13A8429B6.highlight.minted)
(_minted/5A16A2D9896992A4DF4F3CDD5D5192AB.highlight.minted) [15]
(_minted/341531888DAC0E6A8D717A54A1799523.highlight.minted)
(_minted/0A534092327EE7E8E91F065D7370CA12.highlight.minted)
(_minted/CF7416E64DE76E51F1EEE01E1EA6F2EF.highlight.minted)
(_minted/05D570C6A3EF8CE12104C2330266F864.highlight.minted)
(_minted/24669E284D985C826C71E3B7007584D9.highlight.minted)
(_minted/17FE4968B0468E716E0DC9AC3E0D4C60.highlight.minted) [16] [17]
Chapter 7.
(_minted/9151AF8B234E8BD9F391769954518E36.highlight.minted)
(_minted/D8EEDCDDBE3C3D359385903859BD8424.highlight.minted) [18]
(_minted/5F5C9F367FC1BCF886F2BD749840D3AC.highlight.minted)
(_minted/5D9A709332A543EDBD86D4E5420BA44D.highlight.minted) [19] [20]
Chapter 8.
[21]
Chapter 9.
[22] (main.aux) )
Output written on main.xdv (25 pages, 614812 bytes).
Transcript written on main.log.
Latexmk: Getting log file 'main.log'
Latexmk: Examining 'main.fls'
Latexmk: Examining 'main.log'
Latexmk: Log file says output to 'main.xdv'
Latexmk: Using bibtex to make bibliography file(s).
Latexmk: applying rule 'xelatex'...
Rule 'xelatex':  Reasons for rerun
Changed files or newly in use/created:
  main.aux

------------
Run number 3 of rule 'xelatex'
------------
------------
Running 'xelatex -no-pdf -shell-escape -interaction=nonstopmode -halt-on-error -recorder  "main.tex"'
------------
This is XeTeX, Version 3.141592653-2.6-0.999998 (MiKTeX 26.5) (preloaded format=xelatex.fmt)
 \write18 enabled.
entering extended mode
(main.tex
LaTeX2e <2026-06-01>
L3 programming layer <2026-07-20>
(preamble.tex
(C:\Users\MrJSa\AppData\Local\Programs\MiKTeX\tex/latex/memoir\memoir.cls
Document Class: memoir 2025/11/04 v3.8.4b configurable book, report, article do
cument class
(C:\Users\MrJSa\AppData\Local\Programs\MiKTeX\tex/latex/xpatch\xpatch.sty
(C:\Users\MrJSa\AppData\Local\Programs\MiKTeX\tex/latex/l3kernel\expl3.sty
(C:\Users\MrJSa\AppData\Local\Programs\MiKTeX\tex/latex/l3backend\l3backend-xet
ex.def))
(C:\Users\MrJSa\AppData\Local\Programs\MiKTeX\tex/latex/l3packages/xparse\xpars
e.sty)
(C:\Users\MrJSa\AppData\Local\Programs\MiKTeX\tex/latex/etoolbox\etoolbox.sty))
(C:\Users\MrJSa\AppData\Local\Programs\MiKTeX\tex/generic/iftex\iftex.sty)
(C:\Users\MrJSa\AppData\Local\Programs\MiKTeX\tex/latex/memoir\mem10.clo)
(C:\Users\MrJSa\AppData\Local\Programs\MiKTeX\tex/latex/tools\array.sty)
(C:\Users\MrJSa\AppData\Local\Programs\MiKTeX\tex/latex/tools\dcolumn.sty)
(C:\Users\MrJSa\AppData\Local\Programs\MiKTeX\tex/latex/tools\delarray.sty)
(C:\Users\MrJSa\AppData\Local\Programs\MiKTeX\tex/latex/tools\tabularx.sty)
(C:\Users\MrJSa\AppData\Local\Programs\MiKTeX\tex/latex/booktabs\booktabs.sty)
(C:\Users\MrJSa\AppData\Local\Programs\MiKTeX\tex/latex/hyperref\nameref.sty
(C:\Users\MrJSa\AppData\Local\Programs\MiKTeX\tex/latex/refcount\refcount.sty
(C:\Users\MrJSa\AppData\Local\Programs\MiKTeX\tex/generic/ltxcmds\ltxcmds.sty)
(C:\Users\MrJSa\AppData\Local\Programs\MiKTeX\tex/generic/infwarerr\infwarerr.s
ty))
(C:\Users\MrJSa\AppData\Local\Programs\MiKTeX\tex/generic/gettitlestring\gettit
lestring.sty
(C:\Users\MrJSa\AppData\Local\Programs\MiKTeX\tex/latex/kvoptions\kvoptions.sty
(C:\Users\MrJSa\AppData\Local\Programs\MiKTeX\tex/latex/graphics\keyval.sty)
(C:\Users\MrJSa\AppData\Local\Programs\MiKTeX\tex/latex/kvsetkeys\kvsetkeys.sty
)))) (C:\Users\MrJSa\AppData\Local\Programs\MiKTeX\tex/latex/tools\verbatim.sty
) (C:\Users\MrJSa\AppData\Local\Programs\MiKTeX\tex/latex/base\shortvrb.sty))
(documenter.sty
(C:\Users\MrJSa\AppData\Local\Programs\MiKTeX\tex/latex/fontspec\fontspec.sty
(C:\Users\MrJSa\AppData\Local\Programs\MiKTeX\tex/latex/fontspec\fontspec-xetex
.sty (C:\Users\MrJSa\AppData\Local\Programs\MiKTeX\tex/latex/base\fontenc.sty)
(C:\Users\MrJSa\AppData\Local\Programs\MiKTeX\tex/latex/fontspec\fontspec.cfg))
)
(C:\Users\MrJSa\AppData\Local\Programs\MiKTeX\tex/latex/newunicodechar\newunico
dechar.sty)
(C:\Users\MrJSa\AppData\Local\Programs\MiKTeX\tex/latex/polyglossia\polyglossia
.sty
(C:\Users\MrJSa\AppData\Local\Programs\MiKTeX\tex/latex/polyglossia\gloss-latex
.ldf))
(C:\Users\MrJSa\AppData\Local\Programs\MiKTeX\tex/latex/xcolor\xcolor.sty
(C:\Users\MrJSa\AppData\Local\Programs\MiKTeX\tex/latex/graphics-cfg\color.cfg)
(C:\Users\MrJSa\AppData\Local\Programs\MiKTeX\tex/latex/graphics-def\xetex.def)
 (C:\Users\MrJSa\AppData\Local\Programs\MiKTeX\tex/latex/graphics\mathcolor.ltx
)) (C:\Users\MrJSa\AppData\Local\Programs\MiKTeX\tex/latex/amsmath\amsmath.sty
For additional information on amsmath, use the `?' option.
(C:\Users\MrJSa\AppData\Local\Programs\MiKTeX\tex/latex/amsmath\amstext.sty
(C:\Users\MrJSa\AppData\Local\Programs\MiKTeX\tex/latex/amsmath\amsgen.sty))
(C:\Users\MrJSa\AppData\Local\Programs\MiKTeX\tex/latex/amsmath\amsbsy.sty)
(C:\Users\MrJSa\AppData\Local\Programs\MiKTeX\tex/latex/amsmath\amsopn.sty))
(C:\Users\MrJSa\AppData\Local\Programs\MiKTeX\tex/latex/amsfonts\amssymb.sty
(C:\Users\MrJSa\AppData\Local\Programs\MiKTeX\tex/latex/amsfonts\amsfonts.sty))
 (C:\Users\MrJSa\AppData\Local\Programs\MiKTeX\tex/latex/minted\minted.sty
(C:\Users\MrJSa\AppData\Local\Programs\MiKTeX\tex/generic/catchfile\catchfile.s
ty
(C:\Users\MrJSa\AppData\Local\Programs\MiKTeX\tex/generic/etexcmds\etexcmds.sty
)) (C:\Users\MrJSa\AppData\Local\Programs\MiKTeX\tex/latex/fvextra\fvextra.sty
(C:\Users\MrJSa\AppData\Local\Programs\MiKTeX\tex/latex/fancyvrb\fancyvrb.sty)
(C:\Users\MrJSa\AppData\Local\Programs\MiKTeX\tex/generic/pdftexcmds\pdftexcmds
.sty)
(C:\Users\MrJSa\AppData\Local\Programs\MiKTeX\tex/latex/upquote\upquote.sty
(C:\Users\MrJSa\AppData\Local\Programs\MiKTeX\tex/latex/base\textcomp.sty))
(C:\Users\MrJSa\AppData\Local\Programs\MiKTeX\tex/latex/lineno\lineno.sty))
(C:\Users\MrJSa\AppData\Local\Programs\MiKTeX\tex/latex/latex2pydata\latex2pyda
ta.sty)
(C:\Users\MrJSa\AppData\Local\Programs\MiKTeX\tex/latex/pgf/utilities\pgfkeys.s
ty
(C:\Users\MrJSa\AppData\Local\Programs\MiKTeX\tex/generic/pgf/utilities\pgfkeys
.code.tex
(C:\Users\MrJSa\AppData\Local\Programs\MiKTeX\tex/generic/pgf/utilities\pgfkeys
libraryfiltered.code.tex)))
(C:\Users\MrJSa\AppData\Local\Programs\MiKTeX\tex/latex/pgfopts\pgfopts.sty)
(C:\Users\MrJSa\AppData\Local\Programs\MiKTeX\tex/latex/tools\shellesc.sty)
(C:\Users\MrJSa\AppData\Local\Programs\MiKTeX\tex/latex/float\float.sty))
(C:\Users\MrJSa\AppData\Local\Programs\MiKTeX\tex/latex/tabulary\tabulary.sty)
(C:\Users\MrJSa\AppData\Local\Programs\MiKTeX\tex/latex/hyperref\hyperref.sty
(C:\Users\MrJSa\AppData\Local\Programs\MiKTeX\tex/generic/kvdefinekeys\kvdefine
keys.sty)
(C:\Users\MrJSa\AppData\Local\Programs\MiKTeX\tex/generic/pdfescape\pdfescape.s
ty) (C:\Users\MrJSa\AppData\Local\Programs\MiKTeX\tex/latex/hycolor\hycolor.sty
)
(C:\Users\MrJSa\AppData\Local\Programs\MiKTeX\tex/generic/stringenc\stringenc.s
ty) (C:\Users\MrJSa\AppData\Local\Programs\MiKTeX\tex/latex/hyperref\pd1enc.def
) (C:\Users\MrJSa\AppData\Local\Programs\MiKTeX\tex/generic/intcalc\intcalc.sty
) (C:\Users\MrJSa\AppData\Local\Programs\MiKTeX\tex/latex/hyperref\puenc.def)
(C:\Users\MrJSa\AppData\Local\Programs\MiKTeX\tex/latex/url\url.sty)
(C:\Users\MrJSa\AppData\Local\Programs\MiKTeX\tex/generic/bitset\bitset.sty
(C:\Users\MrJSa\AppData\Local\Programs\MiKTeX\tex/generic/bigintcalc\bigintcalc
.sty)))
(C:\Users\MrJSa\AppData\Local\Programs\MiKTeX\tex/latex/hyperref\hxetex.def
(C:\Users\MrJSa\AppData\Local\Programs\MiKTeX\tex/latex/rerunfilecheck\rerunfil
echeck.sty
(C:\Users\MrJSa\AppData\Local\Programs\MiKTeX\tex/generic/uniquecounter\uniquec
ounter.sty)))
(C:\Users\MrJSa\AppData\Local\Programs\MiKTeX\tex/latex/memoir\memhfixc.sty)

Package hyperref Warning: Option `pdfpagelabels' has already been used,
(hyperref)                setting the option has no effect on input line 58.


Package hyperref Warning: Option `bookmarks' has already been used,
(hyperref)                setting the option has no effect on input line 58.


Package hyperref Warning: Option `hyperindex' has already been used,
(hyperref)                setting the option has no effect on input line 58.


******************************************************
Stock height and width: 794.96999pt by 614.295pt
Top and edge trims: 0pt and 0pt
Page height and width: 794.96999pt by 614.295pt
Text height and width: 622pt by 433pt
Spine and edge margins: 108.405pt and 72.26999pt
Upper and lower margins: 108.405pt and 64.56499pt
Headheight and headsep: 12pt and 24.13501pt
Footskip: 25.29494pt
Columnsep and columnseprule: 10pt and 0pt
Marginparsep and marginparwidth: 7pt and 58.26999pt
Sidecapsep and sidecapwidth: 7pt and 71pt
Sidebarhsep and sidebarwidth: 7pt and 71pt
Sidebarvsep and sidebartopsep: 12pt and 0pt
Sidebarheight: 548.39996pt
Sidefoothsep and sidefootwidth: 7pt and 71pt
Sidefootvsep and sidefootheight: 12pt and 548.39996pt
******************************************************

(C:\Users\MrJSa\AppData\Local\Programs\MiKTeX\tex/latex/graphics\graphicx.sty
(C:\Users\MrJSa\AppData\Local\Programs\MiKTeX\tex/latex/graphics\graphics.sty
(C:\Users\MrJSa\AppData\Local\Programs\MiKTeX\tex/latex/graphics\trig.sty)
(C:\Users\MrJSa\AppData\Local\Programs\MiKTeX\tex/latex/graphics-cfg\graphics.c
fg)))
(C:\Users\MrJSa\AppData\Local\Programs\MiKTeX\tex/latex/adjustbox\adjustbox.sty
(C:\Users\MrJSa\AppData\Local\Programs\MiKTeX\tex/latex/xkeyval\xkeyval.sty
(C:\Users\MrJSa\AppData\Local\Programs\MiKTeX\tex/generic/xkeyval\xkeyval.tex
(C:\Users\MrJSa\AppData\Local\Programs\MiKTeX\tex/generic/xkeyval\xkvutils.tex)
))
(C:\Users\MrJSa\AppData\Local\Programs\MiKTeX\tex/latex/adjustbox\adjcalc.sty)
(C:\Users\MrJSa\AppData\Local\Programs\MiKTeX\tex/latex/adjustbox\trimclip.sty
(C:\Users\MrJSa\AppData\Local\Programs\MiKTeX\tex/latex/collectbox\collectbox.s
ty)
(C:\Users\MrJSa\AppData\Local\Programs\MiKTeX\tex/latex/adjustbox\tc-xetex.def)
)
(C:\Users\MrJSa\AppData\Local\Programs\MiKTeX\tex/latex/ifoddpage\ifoddpage.sty
) (C:\Users\MrJSa\AppData\Local\Programs\MiKTeX\tex/latex/varwidth\varwidth.sty
)
==> First Aid for varwidth.sty applied!
)
(C:\Users\MrJSa\AppData\Local\Programs\MiKTeX\tex/latex/tcolorbox\tcolorbox.sty

(C:\Users\MrJSa\AppData\Local\Programs\MiKTeX\tex/latex/pgf/frontendlayer\tikz.
sty
(C:\Users\MrJSa\AppData\Local\Programs\MiKTeX\tex/latex/pgf/basiclayer\pgf.sty
(C:\Users\MrJSa\AppData\Local\Programs\MiKTeX\tex/latex/pgf/utilities\pgfrcs.st
y
(C:\Users\MrJSa\AppData\Local\Programs\MiKTeX\tex/generic/pgf/utilities\pgfutil
-common.tex)
(C:\Users\MrJSa\AppData\Local\Programs\MiKTeX\tex/generic/pgf/utilities\pgfutil
-latex.def)
(C:\Users\MrJSa\AppData\Local\Programs\MiKTeX\tex/generic/pgf/utilities\pgfrcs.
code.tex
(C:\Users\MrJSa\AppData\Local\Programs\MiKTeX\tex/generic/pgf\pgf.revision.tex)
))
(C:\Users\MrJSa\AppData\Local\Programs\MiKTeX\tex/latex/pgf/basiclayer\pgfcore.
sty
(C:\Users\MrJSa\AppData\Local\Programs\MiKTeX\tex/latex/pgf/systemlayer\pgfsys.
sty
(C:\Users\MrJSa\AppData\Local\Programs\MiKTeX\tex/generic/pgf/systemlayer\pgfsy
s.code.tex
(C:\Users\MrJSa\AppData\Local\Programs\MiKTeX\tex/generic/pgf/systemlayer\pgf.c
fg)
(C:\Users\MrJSa\AppData\Local\Programs\MiKTeX\tex/generic/pgf/systemlayer\pgfsy
s-xetex.def
(C:\Users\MrJSa\AppData\Local\Programs\MiKTeX\tex/generic/pgf/systemlayer\pgfsy
s-dvipdfmx.def
(C:\Users\MrJSa\AppData\Local\Programs\MiKTeX\tex/generic/pgf/systemlayer\pgfsy
s-common-pdf.def))))
(C:\Users\MrJSa\AppData\Local\Programs\MiKTeX\tex/generic/pgf/systemlayer\pgfsy
ssoftpath.code.tex)
(C:\Users\MrJSa\AppData\Local\Programs\MiKTeX\tex/generic/pgf/systemlayer\pgfsy
sprotocol.code.tex))
(C:\Users\MrJSa\AppData\Local\Programs\MiKTeX\tex/generic/pgf/basiclayer\pgfcor
e.code.tex
(C:\Users\MrJSa\AppData\Local\Programs\MiKTeX\tex/generic/pgf/math\pgfmath.code
.tex
(C:\Users\MrJSa\AppData\Local\Programs\MiKTeX\tex/generic/pgf/math\pgfmathutil.
code.tex)
(C:\Users\MrJSa\AppData\Local\Programs\MiKTeX\tex/generic/pgf/math\pgfmathparse
r.code.tex)
(C:\Users\MrJSa\AppData\Local\Programs\MiKTeX\tex/generic/pgf/math\pgfmathfunct
ions.code.tex)
(C:\Users\MrJSa\AppData\Local\Programs\MiKTeX\tex/generic/pgf/math\pgfmathfunct
ions.basic.code.tex)
(C:\Users\MrJSa\AppData\Local\Programs\MiKTeX\tex/generic/pgf/math\pgfmathfunct
ions.trigonometric.code.tex)
(C:\Users\MrJSa\AppData\Local\Programs\MiKTeX\tex/generic/pgf/math\pgfmathfunct
ions.random.code.tex)
(C:\Users\MrJSa\AppData\Local\Programs\MiKTeX\tex/generic/pgf/math\pgfmathfunct
ions.comparison.code.tex)
(C:\Users\MrJSa\AppData\Local\Programs\MiKTeX\tex/generic/pgf/math\pgfmathfunct
ions.base.code.tex)
(C:\Users\MrJSa\AppData\Local\Programs\MiKTeX\tex/generic/pgf/math\pgfmathfunct
ions.round.code.tex)
(C:\Users\MrJSa\AppData\Local\Programs\MiKTeX\tex/generic/pgf/math\pgfmathfunct
ions.misc.code.tex)
(C:\Users\MrJSa\AppData\Local\Programs\MiKTeX\tex/generic/pgf/math\pgfmathfunct
ions.integerarithmetics.code.tex)
(C:\Users\MrJSa\AppData\Local\Programs\MiKTeX\tex/generic/pgf/math\pgfmathcalc.
code.tex)
(C:\Users\MrJSa\AppData\Local\Programs\MiKTeX\tex/generic/pgf/math\pgfmathfloat
.code.tex))
(C:\Users\MrJSa\AppData\Local\Programs\MiKTeX\tex/generic/pgf/math\pgfint.code.
tex)
(C:\Users\MrJSa\AppData\Local\Programs\MiKTeX\tex/generic/pgf/basiclayer\pgfcor
epoints.code.tex)
(C:\Users\MrJSa\AppData\Local\Programs\MiKTeX\tex/generic/pgf/basiclayer\pgfcor
epathconstruct.code.tex)
(C:\Users\MrJSa\AppData\Local\Programs\MiKTeX\tex/generic/pgf/basiclayer\pgfcor
epathusage.code.tex)
(C:\Users\MrJSa\AppData\Local\Programs\MiKTeX\tex/generic/pgf/basiclayer\pgfcor
escopes.code.tex)
(C:\Users\MrJSa\AppData\Local\Programs\MiKTeX\tex/generic/pgf/basiclayer\pgfcor
egraphicstate.code.tex)
(C:\Users\MrJSa\AppData\Local\Programs\MiKTeX\tex/generic/pgf/basiclayer\pgfcor
etransformations.code.tex)
(C:\Users\MrJSa\AppData\Local\Programs\MiKTeX\tex/generic/pgf/basiclayer\pgfcor
equick.code.tex)
(C:\Users\MrJSa\AppData\Local\Programs\MiKTeX\tex/generic/pgf/basiclayer\pgfcor
eobjects.code.tex)
(C:\Users\MrJSa\AppData\Local\Programs\MiKTeX\tex/generic/pgf/basiclayer\pgfcor
epathprocessing.code.tex)
(C:\Users\MrJSa\AppData\Local\Programs\MiKTeX\tex/generic/pgf/basiclayer\pgfcor
earrows.code.tex)
(C:\Users\MrJSa\AppData\Local\Programs\MiKTeX\tex/generic/pgf/basiclayer\pgfcor
eshade.code.tex)
(C:\Users\MrJSa\AppData\Local\Programs\MiKTeX\tex/generic/pgf/basiclayer\pgfcor
eimage.code.tex)
(C:\Users\MrJSa\AppData\Local\Programs\MiKTeX\tex/generic/pgf/basiclayer\pgfcor
eexternal.code.tex)
(C:\Users\MrJSa\AppData\Local\Programs\MiKTeX\tex/generic/pgf/basiclayer\pgfcor
elayers.code.tex)
(C:\Users\MrJSa\AppData\Local\Programs\MiKTeX\tex/generic/pgf/basiclayer\pgfcor
etransparency.code.tex)
(C:\Users\MrJSa\AppData\Local\Programs\MiKTeX\tex/generic/pgf/basiclayer\pgfcor
epatterns.code.tex)
(C:\Users\MrJSa\AppData\Local\Programs\MiKTeX\tex/generic/pgf/basiclayer\pgfcor
erdf.code.tex)))
(C:\Users\MrJSa\AppData\Local\Programs\MiKTeX\tex/generic/pgf/modules\pgfmodule
shapes.code.tex)
(C:\Users\MrJSa\AppData\Local\Programs\MiKTeX\tex/generic/pgf/modules\pgfmodule
plot.code.tex)
(C:\Users\MrJSa\AppData\Local\Programs\MiKTeX\tex/latex/pgf/compatibility\pgfco
mp-version-0-65.sty)
(C:\Users\MrJSa\AppData\Local\Programs\MiKTeX\tex/latex/pgf/compatibility\pgfco
mp-version-1-18.sty))
(C:\Users\MrJSa\AppData\Local\Programs\MiKTeX\tex/latex/pgf/utilities\pgffor.st
y (C:\Users\MrJSa\AppData\Local\Programs\MiKTeX\tex/latex/pgf/math\pgfmath.sty
(C:\Users\MrJSa\AppData\Local\Programs\MiKTeX\tex/generic/pgf/math\pgfmath.code
.tex))
(C:\Users\MrJSa\AppData\Local\Programs\MiKTeX\tex/generic/pgf/utilities\pgffor.
code.tex))
(C:\Users\MrJSa\AppData\Local\Programs\MiKTeX\tex/generic/pgf/frontendlayer/tik
z\tikz.code.tex
(C:\Users\MrJSa\AppData\Local\Programs\MiKTeX\tex/generic/pgf/libraries\pgflibr
aryplothandlers.code.tex)
(C:\Users\MrJSa\AppData\Local\Programs\MiKTeX\tex/generic/pgf/modules\pgfmodule
matrix.code.tex)
(C:\Users\MrJSa\AppData\Local\Programs\MiKTeX\tex/generic/pgf/frontendlayer/tik
z/libraries\tikzlibrarytopaths.code.tex)))
(C:\Users\MrJSa\AppData\Local\Programs\MiKTeX\tex/latex/environ\environ.sty
(C:\Users\MrJSa\AppData\Local\Programs\MiKTeX\tex/latex/trimspaces\trimspaces.s
ty)))) (custom.sty

******************************************************
Stock height and width: 794.96999pt by 614.295pt
Top and edge trims: 0pt and 0pt
Page height and width: 794.96999pt by 614.295pt
Text height and width: 646pt by 455pt
Spine and edge margins: 79.49744pt and 79.49744pt
Upper and lower margins: 83.11005pt and 65.85994pt
Headheight and headsep: 12pt and 27.74762pt
Footskip: 25.29494pt
Columnsep and columnseprule: 10pt and 0pt
Marginparsep and marginparwidth: 7pt and 65.49744pt
Sidecapsep and sidecapwidth: 7pt and 71pt
Sidebarhsep and sidebarwidth: 7pt and 71pt
Sidebarvsep and sidebartopsep: 12pt and 0pt
Sidebarheight: 548.39996pt
Sidefoothsep and sidefootwidth: 7pt and 71pt
Sidefootvsep and sidefootheight: 12pt and 548.39996pt
******************************************************

) (main.aux) (main.out) (main.out) [1] (main.toc
(C:\Users\MrJSa\AppData\Local\Programs\MiKTeX\tex/latex/amsfonts\umsa.fd)
(C:\Users\MrJSa\AppData\Local\Programs\MiKTeX\tex/latex/amsfonts\umsb.fd)
[2])) [3]
Chapter 1.
(_FAD58DE7366495DB4650CFEFAC2FCD61.config.minted) (_minted/default.style.minted
) (_minted/3AA4F61E1679525BD28BE452024D5596.highlight.minted)
(_minted/C5FE61E106278D02042B2EB972D5F848.highlight.minted) [1] [2]
Chapter 2.
(_minted/0B7018BDF0DDE02549D2B3D33541404E.highlight.minted) [3]
(_minted/6B6F8E997C0F869447F399662EAAF8FD.highlight.minted)
(_minted/D727BC5F65D30D07C9E051F0C7D76693.highlight.minted)
(_minted/D0396CD9B3DED6C2C7EDE55F04C6CF50.highlight.minted)
(_minted/9FB53275998E4D43FE51BC0B3D3F9D97.highlight.minted) [4]
(_minted/D26A3501B861DCF71CDA5D2631EA139C.highlight.minted)
(_minted/DBBAD38F364A76DE34E626317F6382EF.highlight.minted) [5]
Chapter 3.
(_minted/F8A89EC526E871B4E3D46E22F2D31AEF.highlight.minted)
(_minted/E8AB2A8BD6E256A8382A210017B9CC8F.highlight.minted)
(_minted/8A200A5D2A341BDDBA6C0128A1A7DBA3.highlight.minted) [6]
(_minted/7735F24C5288F679A77B095E7E2599DB.highlight.minted)
(_minted/8962C2E8E8705DAEF1F021AD555BF604.highlight.minted)
(_minted/7DBC3CF8A30ADB6DE2A2EA6560B72C5F.highlight.minted) [7]
(_minted/3BA8064B79692E34A48F21164F3252AE.highlight.minted) [8]
Chapter 4.
(_minted/B0683E93894E2308861E4EA3BC0B76EE.highlight.minted)
(_minted/A9E21D771C22D67F072CAFA2371137EE.highlight.minted) [9]
(_minted/D9E1A623B9FAA6D2870B739722DF19E2.highlight.minted)
(_minted/5D694F501EB2EFF06E09C560D78636FA.highlight.minted) [10]
(_minted/903E98343CB44DA205E5AA24F0AAAADC.highlight.minted)
(_minted/038BF864F02C1472D81DBFA9D94427EC.highlight.minted) [11] [12]
Chapter 5.
(_minted/61ECAE7717CEE4C80A14BB3206B843EF.highlight.minted)
(_minted/160AFB7182767C61BB22FEFAEF4A120A.highlight.minted)
(_minted/1E4A23916D8F0BB2EB25B76A3C622DF5.highlight.minted)
(_minted/0C9C42B518A632C9F188B0A1B4AB636D.highlight.minted)
(_minted/30E9E5BE36187E171E851E0197B211B9.highlight.minted) [13]
(_minted/9A51BB005D4B104924FBFC7C733F8DB1.highlight.minted)
(_minted/F3B7A3CA57206D206040B446B728FF6B.highlight.minted)
(_minted/F2D0B1E295FF6EB58C1EBD414A49AA74.highlight.minted) [14]
Chapter 6.
(_minted/D2FAACD8A49495E76AB4CFB13A8429B6.highlight.minted)
(_minted/5A16A2D9896992A4DF4F3CDD5D5192AB.highlight.minted) [15]
(_minted/341531888DAC0E6A8D717A54A1799523.highlight.minted)
(_minted/0A534092327EE7E8E91F065D7370CA12.highlight.minted)
(_minted/CF7416E64DE76E51F1EEE01E1EA6F2EF.highlight.minted)
(_minted/05D570C6A3EF8CE12104C2330266F864.highlight.minted)
(_minted/24669E284D985C826C71E3B7007584D9.highlight.minted)
(_minted/17FE4968B0468E716E0DC9AC3E0D4C60.highlight.minted) [16] [17]
Chapter 7.
(_minted/9151AF8B234E8BD9F391769954518E36.highlight.minted)
(_minted/D8EEDCDDBE3C3D359385903859BD8424.highlight.minted) [18]
(_minted/5F5C9F367FC1BCF886F2BD749840D3AC.highlight.minted)
(_minted/5D9A709332A543EDBD86D4E5420BA44D.highlight.minted) [19] [20]
Chapter 8.
[21]
Chapter 9.
[22] (main.aux) )
Output written on main.xdv (25 pages, 614812 bytes).
Transcript written on main.log.
Latexmk: Getting log file 'main.log'
Latexmk: Examining 'main.fls'
Latexmk: Examining 'main.log'
Latexmk: Log file says output to 'main.xdv'
Latexmk: Using bibtex to make bibliography file(s).
Latexmk: applying rule 'xdvipdfmx'...
Rule 'xdvipdfmx':  Reasons for rerun
Changed files or newly in use/created:
  main.xdv
Category 'changed_source_rules':
  xelatex
Category 'no_dest':
  xdvipdfmx

------------
Run number 1 of rule 'xdvipdfmx'
------------
------------
Running 'xdvipdfmx -E -o "main.pdf"  "main.xdv"'
------------
main.xdv -> main.pdf
[1][2][3][4][5][6][7][8][9][10][11][12][13][14][15][16][17][18][19][20][21][22][23][24][25]
199194 bytes written
Latexmk: All targets (main.xdv main.pdf) are up-to-date

