\BOOKMARK [0][]{chapter*.1}{\376\377\000C\000o\000n\000t\000e\000n\000t\000s}{}% 1
\BOOKMARK [-1][]{part.1}{\376\377\000I\000\040\000H\000o\000m\000e}{}% 2
\BOOKMARK [0][]{chapter.1}{\376\377\0001\000\040\000S\000m\000a\000l\000l\000F\000l\000o\000a\000t\000s\000.\000j\000l}{part.1}% 3
\BOOKMARK [1][]{section.1.1}{\376\377\0001\000.\0001\000\040\000W\000h\000y\000\040\000t\000h\000i\000s\000\040\000p\000a\000c\000k\000a\000g\000e\000\040\000e\000x\000i\000s\000t\000s}{chapter.1}% 4
\BOOKMARK [1][]{section.1.2}{\376\377\0001\000.\0002\000\040\000T\000w\000o\000\040\000t\000h\000i\000n\000g\000s\000\040\000t\000o\000\040\000k\000n\000o\000w\000\040\000b\000e\000f\000o\000r\000e\000\040\000y\000o\000u\000\040\000s\000t\000a\000r\000t}{chapter.1}% 5
\BOOKMARK [1][]{section.1.3}{\376\377\0001\000.\0003\000\040\000F\000i\000n\000d\000i\000n\000g\000\040\000y\000o\000u\000r\000\040\000w\000a\000y}{chapter.1}% 6
\BOOKMARK [-1][]{part.2}{\376\377\000I\000I\000\040\000G\000e\000t\000t\000i\000n\000g\000\040\000S\000t\000a\000r\000t\000e\000d}{}% 7
\BOOKMARK [0][]{chapter.2}{\376\377\0002\000\040\000I\000n\000s\000t\000a\000l\000l\000a\000t\000i\000o\000n\000\040\000\046\000\040\000S\000e\000t\000u\000p}{part.2}% 8
\BOOKMARK [1][]{section.2.1}{\376\377\0002\000.\0001\000\040\000R\000e\000q\000u\000i\000r\000e\000m\000e\000n\000t\000s}{chapter.2}% 9
\BOOKMARK [1][]{section.2.2}{\376\377\0002\000.\0002\000\040\000I\000n\000s\000t\000a\000l\000l}{chapter.2}% 10
\BOOKMARK [1][]{section.2.3}{\376\377\0002\000.\0003\000\040\000S\000m\000o\000k\000e\000\040\000t\000e\000s\000t}{chapter.2}% 11
\BOOKMARK [1][]{section.2.4}{\376\377\0002\000.\0004\000\040\000P\000l\000a\000t\000f\000o\000r\000m\000\040\000n\000o\000t\000e\000:\000\040\000d\000i\000s\000a\000b\000l\000i\000n\000g\000\040\000F\000l\000o\000a\000t\0001\0002\0008}{chapter.2}% 12
\BOOKMARK [1][]{section.2.5}{\376\377\0002\000.\0005\000\040\000s\000e\000e\000\040\000a\000l\000s\000o}{chapter.2}% 13
\BOOKMARK [0][]{chapter.3}{\376\377\0003\000\040\000Q\000u\000i\000c\000k\000s\000t\000a\000r\000t}{part.2}% 14
\BOOKMARK [1][]{section.3.1}{\376\377\0003\000.\0001\000\040\000M\000a\000k\000e\000\040\000t\000w\000o\000\040\000v\000a\000l\000u\000e\000s}{chapter.3}% 15
\BOOKMARK [1][]{section.3.2}{\376\377\0003\000.\0002\000\040\000C\000h\000o\000o\000s\000e\000\040\000h\000o\000w\000\040\000v\000a\000l\000u\000e\000s\000\040\000p\000r\000i\000n\000t}{chapter.3}% 16
\BOOKMARK [1][]{section.3.3}{\376\377\0003\000.\0003\000\040\000A\000d\000d\000\040\000t\000h\000e\000m\000,\000\040\000t\000w\000o\000\040\000w\000a\000y\000s}{chapter.3}% 17
\BOOKMARK [1][]{section.3.4}{\376\377\0003\000.\0004\000\040\000S\000e\000n\000d\000\040\000a\000n\000\040\000a\000r\000r\000a\000y\000\040\000t\000h\000r\000o\000u\000g\000h\000\040\000a\000\040\000n\000o\000n\000l\000i\000n\000e\000a\000r\000i\000t\000y}{chapter.3}% 18
\BOOKMARK [1][]{section.3.5}{\376\377\0003\000.\0005\000\040\000C\000r\000e\000a\000t\000e\000\040\000a\000\040\000b\000l\000o\000c\000k\000\040\000o\000f\000\040\000q\000u\000a\000n\000t\000i\000z\000e\000d\000\040\000v\000a\000l\000u\000e\000s}{chapter.3}% 19
\BOOKMARK [1][]{section.3.6}{\376\377\0003\000.\0006\000\040\000W\000h\000a\000t\000\040\000j\000u\000s\000t\000\040\000h\000a\000p\000p\000e\000n\000e\000d}{chapter.3}% 20
\BOOKMARK [0][]{chapter.4}{\376\377\0004\000\040\000M\000e\000n\000t\000a\000l\000\040\000M\000o\000d\000e\000l}{part.2}% 21
\BOOKMARK [1][]{section.4.1}{\376\377\0004\000.\0001\000\040\000A\000\040\000f\000o\000r\000m\000a\000t\000\040\000i\000s\000\040\000a\000\040\000f\000i\000n\000i\000t\000e\000\040\000s\000e\000t\000\040\000o\000f\000\040\000d\000a\000t\000u\000m\000s}{chapter.4}% 22
\BOOKMARK [1][]{section.4.2}{\376\377\0004\000.\0002\000\040\000A\000\040\000v\000a\000l\000u\000e\000\040\000i\000s\000\040\000a\000\040\000w\000r\000a\000p\000p\000e\000r\000\040\000a\000r\000o\000u\000n\000d\000\040\000a\000\040\000c\000o\000d\000e\000\040\000p\000o\000i\000n\000t\000;\000\040\000d\000e\000c\000o\000d\000e\000\040\000i\000s\000\040\000e\000x\000a\000c\000t}{chapter.4}% 23
\BOOKMARK [1][]{section.4.3}{\376\377\0004\000.\0003\000\040\000E\000v\000e\000r\000y\000\040\000c\000o\000m\000p\000u\000t\000a\000t\000i\000o\000n\000\040\000i\000s\000\040\000e\000x\000a\000c\000t\000\040\000m\000a\000t\000h\000,\000\040\000t\000h\000e\000n\000\040\000o\000n\000e\000\040\000p\000r\000o\000j\000e\000c\000t\000i\000o\000n}{chapter.4}% 24
\BOOKMARK [1][]{section.4.4}{\376\377\0004\000.\0004\000\040\000P\000r\000o\000j\000e\000c\000t\000i\000o\000n\000\040\000=\000\040\000r\000o\000u\000n\000d\000i\000n\000g\000\040\000m\000o\000d\000e\000\040\000\327\000\040\000s\000a\000t\000u\000r\000a\000t\000i\000o\000n\000\040\000m\000o\000d\000e}{chapter.4}% 25
\BOOKMARK [1][]{section.4.5}{\376\377\0004\000.\0005\000\040\000A\000p\000p\000r\000o\000x\000i\000m\000a\000t\000i\000o\000n\000\040\000i\000s\000\040\000o\000p\000t\000-\000i\000n\000,\000\040\000n\000a\000m\000e\000d\000,\000\040\000a\000n\000d\000\040\000m\000e\000a\000s\000u\000r\000e\000d}{chapter.4}% 26
\BOOKMARK [1][]{section.4.6}{\376\377\0004\000.\0006\000\040\000V\000i\000s\000u\000a\000l\000\040\000S\000y\000n\000o\000p\000s\000i\000s}{chapter.4}% 27
\BOOKMARK [0][]{chapter.5}{\376\377\0005\000\040\000I\000n\000t\000r\000o\000d\000u\000c\000i\000n\000g\000\040\000P\0003\0001\0000\0009}{part.2}% 28
\BOOKMARK [1][]{section.5.1}{\376\377\0005\000.\0001\000\040\000T\000h\000e\000\040\000o\000n\000e\000\040\000l\000a\000w\000\040\000e\000v\000e\000r\000y\000t\000h\000i\000n\000g\000\040\000h\000a\000n\000g\000s\000\040\000o\000n}{chapter.5}% 29
\BOOKMARK [1][]{section.5.2}{\376\377\0005\000.\0002\000\040\000F\000o\000r\000m\000a\000t\000s\000:\000\040\000f\000o\000u\000r\000\040\000p\000a\000r\000a\000m\000e\000t\000e\000r\000s\000,\000\040\0005\0000\0004\000\040\000i\000n\000s\000t\000a\000n\000c\000e\000s}{chapter.5}% 30
\BOOKMARK [1][]{section.5.3}{\376\377\0005\000.\0003\000\040\000D\000a\000t\000u\000m\000s\000\040\000a\000n\000d\000\040\000c\000o\000d\000e\000\040\000p\000o\000i\000n\000t\000s}{chapter.5}% 31
\BOOKMARK [1][]{section.5.4}{\376\377\0005\000.\0004\000\040\000P\000r\000o\000j\000e\000c\000t\000i\000o\000n\000:\000\040\000r\000o\000u\000n\000d\000i\000n\000g\000\040\000\327\000\040\000s\000a\000t\000u\000r\000a\000t\000i\000o\000n}{chapter.5}% 32
\BOOKMARK [1][]{section.5.5}{\376\377\0005\000.\0005\000\040\000T\000h\000e\000\040\000o\000p\000e\000r\000a\000t\000i\000o\000n\000\040\000c\000a\000t\000a\000l\000o\000g}{chapter.5}% 33
\BOOKMARK [1][]{section.5.6}{\376\377\0005\000.\0006\000\040\000B\000l\000o\000c\000k\000s\000\040\000a\000n\000d\000\040\000s\000c\000a\000l\000e\000d\000\040\000o\000p\000e\000r\000a\000t\000i\000o\000n\000s}{chapter.5}% 34
\BOOKMARK [1][]{section.5.7}{\376\377\0005\000.\0007\000\040\000C\000o\000n\000f\000o\000r\000m\000a\000n\000c\000e\000\040\000a\000n\000d\000\040\003\272}{chapter.5}% 35
\BOOKMARK [1][]{section.5.8}{\376\377\0005\000.\0008\000\040\000D\000i\000f\000f\000e\000r\000e\000n\000c\000e\000s\000\040\000f\000r\000o\000m\000\040\000I\000E\000E\000E\000\040\0007\0005\0004}{chapter.5}% 36
\BOOKMARK [1][]{section.5.9}{\376\377\0005\000.\0009\000\040\000s\000e\000e\000\040\000a\000l\000s\000o}{chapter.5}% 37
\BOOKMARK [-1][]{part.3}{\376\377\000I\000I\000I\000\040\000T\000u\000t\000o\000r\000i\000a\000l\000s}{}% 38
\BOOKMARK [0][]{chapter.6}{\376\377\0006\000\040\000V\000a\000l\000u\000e\000s\000,\000\040\000C\000o\000d\000e\000\040\000P\000o\000i\000n\000t\000s\000\040\000\046\000\040\000C\000o\000n\000v\000e\000r\000s\000i\000o\000n}{part.3}% 39
\BOOKMARK [1][]{section.6.1}{\376\377\0006\000.\0001\000\040\000F\000o\000u\000r\000\040\000w\000a\000y\000s\000\040\000i\000n\000,\000\040\000t\000w\000o\000\040\000w\000a\000y\000s\000\040\000o\000u\000t}{chapter.6}% 40
\BOOKMARK [1][]{section.6.2}{\376\377\0006\000.\0002\000\040\000I\000m\000p\000o\000r\000t\000a\000n\000t\000:\000\040\000U\000n\000s\000i\000g\000n\000e\000d\000\040\000m\000e\000a\000n\000s\000\040\000c\000o\000d\000e\000\040\000p\000o\000i\000n\000t\000,\000\040\000a\000t\000\040\000e\000v\000e\000r\000y\000\040\000w\000i\000d\000t\000h}{chapter.6}% 41
\BOOKMARK [1][]{section.6.3}{\376\377\0006\000.\0003\000\040\000C\000o\000n\000v\000e\000r\000t\000\040\000v\000e\000r\000s\000u\000s\000\040\000c\000o\000n\000v\000e\000r\000t}{chapter.6}% 42
\BOOKMARK [1][]{section.6.4}{\376\377\0006\000.\0004\000\040\000T\000h\000e\000\040\000d\000e\000c\000o\000d\000e\000\040\000/\000\040\000c\000o\000d\000e\000p\000o\000i\000n\000t\000\040\000r\000o\000u\000n\000d\000-\000t\000r\000i\000p}{chapter.6}% 43
\BOOKMARK [1][]{section.6.5}{\376\377\0006\000.\0005\000\040\000E\000n\000u\000m\000e\000r\000a\000t\000i\000n\000g\000\040\000a\000\040\000w\000h\000o\000l\000e\000\040\000f\000o\000r\000m\000a\000t}{chapter.6}% 44
\BOOKMARK [1][]{section.6.6}{\376\377\0006\000.\0006\000\040\000S\000t\000e\000p\000p\000i\000n\000g\000\040\000a\000n\000d\000\040\000c\000l\000a\000s\000s\000i\000f\000i\000c\000a\000t\000i\000o\000n}{chapter.6}% 45
\BOOKMARK [1][]{section.6.7}{\376\377\0006\000.\0007\000\040\000z\000e\000r\000o\000,\000\040\000o\000n\000e\000,\000\040\000e\000p\000s\000,\000\040\000t\000y\000p\000e\000m\000a\000x}{chapter.6}% 46
\BOOKMARK [1][]{section.6.8}{\376\377\0006\000.\0008\000\040\000T\000r\000y\000\040\000i\000t}{chapter.6}% 47
\BOOKMARK [1][]{section.6.9}{\376\377\0006\000.\0009\000\040\000s\000e\000e\000\040\000a\000l\000s\000o}{chapter.6}% 48
\BOOKMARK [0][]{chapter.7}{\376\377\0007\000\040\000P\000r\000o\000j\000e\000c\000t\000i\000o\000n\000:\000\040\000R\000o\000u\000n\000d\000i\000n\000g\000\040\000\046\000\040\000S\000a\000t\000u\000r\000a\000t\000i\000o\000n}{part.3}% 49
\BOOKMARK [1][]{section.7.1}{\376\377\0007\000.\0001\000\040\000O\000n\000e\000\040\000v\000a\000l\000u\000e\000,\000\040\000e\000v\000e\000r\000y\000\040\000r\000o\000u\000n\000d\000i\000n\000g\000\040\000m\000o\000d\000e}{chapter.7}% 50
\BOOKMARK [1][]{section.7.2}{\376\377\0007\000.\0002\000\040\000T\000h\000e\000\040\000o\000v\000e\000r\000f\000l\000o\000w\000\040\000t\000r\000i\000p\000t\000y\000c\000h}{chapter.7}% 51
\BOOKMARK [1][]{section.7.3}{\376\377\0007\000.\0003\000\040\000S\000e\000s\000s\000i\000o\000n\000\040\000d\000e\000f\000a\000u\000l\000t\000s\000,\000\040\000u\000s\000e\000d\000\040\000s\000a\000f\000e\000l\000y}{chapter.7}% 52
\BOOKMARK [1][]{section.7.4}{\376\377\0007\000.\0004\000\040\000F\000i\000r\000s\000t\000\040\000c\000o\000n\000t\000a\000c\000t\000\040\000w\000i\000t\000h\000\040\000s\000t\000o\000c\000h\000a\000s\000t\000i\000c\000\040\000r\000o\000u\000n\000d\000i\000n\000g}{chapter.7}% 53
\BOOKMARK [1][]{section.7.5}{\376\377\0007\000.\0005\000\040\000T\000r\000y\000\040\000i\000t}{chapter.7}% 54
\BOOKMARK [1][]{section.7.6}{\376\377\0007\000.\0006\000\040\000s\000e\000e\000\040\000a\000l\000s\000o}{chapter.7}% 55
\BOOKMARK [0][]{chapter.8}{\376\377\0008\000\040\000O\000p\000e\000r\000a\000t\000i\000o\000n\000s\000\040\000\046\000\040\000A\000r\000r\000a\000y\000s}{part.3}% 56
\BOOKMARK [1][]{section.8.1}{\376\377\0008\000.\0001\000\040\000T\000h\000e\000\040\000t\000w\000o\000\040\000r\000e\000g\000i\000s\000t\000e\000r\000s\000,\000\040\000a\000g\000a\000i\000n}{chapter.8}% 57
\BOOKMARK [1][]{section.8.2}{\376\377\0008\000.\0002\000\040\000A\000r\000r\000a\000y\000\040\000c\000a\000l\000l\000s\000:\000\040\000A\000d\000d\000\050\000T\000,\000\040\003\301\000,\000\040\000A\000,\000\040\000B\000\051\000,\000\040\000E\000x\000p\000\050\000T\000,\000\040\003\301\000,\000\040\000A\000\051}{chapter.8}% 58
\BOOKMARK [1][]{section.8.3}{\376\377\0008\000.\0003\000\040\000W\000a\000t\000c\000h\000i\000n\000g\000\040\000a\000\040\000t\000a\000b\000l\000e\000\040\000b\000u\000i\000l\000d}{chapter.8}% 59
\BOOKMARK [1][]{section.8.4}{\376\377\0008\000.\0004\000\040\000v\000m\000a\000p\000\040\000a\000n\000d\000\040\000v\000m\000a\000p\000!}{chapter.8}% 60
\BOOKMARK [1][]{section.8.5}{\376\377\0008\000.\0005\000\040\000T\000h\000e\000\040\000O\000p\000\040\000c\000a\000l\000l\000a\000b\000l\000e\000,\000\040\000w\000i\000t\000h\000\040\000m\000a\000p\000\040\000a\000n\000d\000\040\000b\000r\000o\000a\000d\000c\000a\000s\000t}{chapter.8}% 61
\BOOKMARK [1][]{section.8.6}{\376\377\0008\000.\0006\000\040\000S\000o\000r\000t\000i\000n\000g}{chapter.8}% 62
\BOOKMARK [1][]{section.8.7}{\376\377\0008\000.\0007\000\040\000T\000r\000y\000\040\000i\000t}{chapter.8}% 63
\BOOKMARK [1][]{section.8.8}{\376\377\0008\000.\0008\000\040\000s\000e\000e\000\040\000a\000l\000s\000o}{chapter.8}% 64
\BOOKMARK [0][]{chapter.9}{\376\377\0009\000\040\000B\000l\000o\000c\000k\000s\000\040\000\046\000\040\000M\000X\000-\000S\000t\000y\000l\000e\000\040\000Q\000u\000a\000n\000t\000i\000z\000a\000t\000i\000o\000n}{part.3}% 65
\BOOKMARK [1][]{section.9.1}{\376\377\0009\000.\0001\000\040\000S\000c\000a\000l\000e\000\040\000\327\000\040\000e\000l\000e\000m\000e\000n\000t}{chapter.9}% 66
\BOOKMARK [1][]{section.9.2}{\376\377\0009\000.\0002\000\040\000C\000o\000n\000v\000e\000r\000t\000T\000o\000B\000l\000o\000c\000k\000M\000a\000x\000A\000b\000s\000F\000i\000n\000i\000t\000e}{chapter.9}% 67
\BOOKMARK [1][]{section.9.3}{\376\377\0009\000.\0003\000\040\000C\000o\000n\000v\000e\000r\000t\000F\000r\000o\000m\000B\000l\000o\000c\000k}{chapter.9}% 68
\BOOKMARK [1][]{section.9.4}{\376\377\0009\000.\0004\000\040\000T\000h\000e\000\040\000s\000t\000a\000g\000e\000-\000w\000i\000d\000e\000\040\000p\000i\000t\000f\000a\000l\000l}{chapter.9}% 69
\BOOKMARK [1][]{section.9.5}{\376\377\0009\000.\0005\000\040\000B\000l\000o\000c\000k\000D\000o\000t\000P\000r\000o\000d\000u\000c\000t\000:\000\040\000o\000n\000e\000\040\000r\000o\000u\000n\000d\000i\000n\000g\000,\000\040\000a\000t\000\040\000t\000h\000e\000\040\000e\000n\000d}{chapter.9}% 70
\BOOKMARK [1][]{section.9.6}{\376\377\0009\000.\0006\000\040\000B\000l\000o\000c\000k\000V\000e\000c\000t\000o\000r}{chapter.9}% 71
\BOOKMARK [1][]{section.9.7}{\376\377\0009\000.\0007\000\040\000T\000r\000y\000\040\000i\000t}{chapter.9}% 72
\BOOKMARK [1][]{section.9.8}{\376\377\0009\000.\0008\000\040\000s\000e\000e\000\040\000a\000l\000s\000o}{chapter.9}% 73
\BOOKMARK [0][]{chapter.10}{\376\377\0001\0000\000\040\000S\000t\000o\000c\000h\000a\000s\000t\000i\000c\000\040\000R\000o\000u\000n\000d\000i\000n\000g}{part.3}% 74
\BOOKMARK [1][]{section.10.1}{\376\377\0001\0000\000.\0001\000\040\000U\000n\000b\000i\000a\000s\000e\000d\000n\000e\000s\000s\000:\000\040\000n\000e\000a\000r\000e\000s\000t\000\040\000i\000s\000\040\000n\000o\000t\000,\000\040\000s\000t\000o\000c\000h\000a\000s\000t\000i\000c\000\040\000i\000s\000\040\000\050\000o\000n\000\040\000a\000v\000e\000r\000a\000g\000e\000\051}{chapter.10}% 75
\BOOKMARK [1][]{section.10.2}{\376\377\0001\0000\000.\0002\000\040\000T\000h\000e\000\040\000R\000-\000s\000w\000e\000e\000p\000:\000\040\000a\000u\000d\000i\000t\000i\000n\000g\000\040\000t\000h\000e\000\040\000d\000i\000s\000t\000r\000i\000b\000u\000t\000i\000o\000n\000\040\000e\000x\000a\000c\000t\000l\000y}{chapter.10}% 76
\BOOKMARK [1][]{section.10.3}{\376\377\0001\0000\000.\0003\000\040\000R\000e\000p\000r\000o\000d\000u\000c\000i\000b\000i\000l\000i\000t\000y}{chapter.10}% 77
\BOOKMARK [1][]{section.10.4}{\376\377\0001\0000\000.\0004\000\040\000T\000h\000e\000\040\000p\000a\000y\000o\000f\000f\000:\000\040\000s\000w\000a\000m\000p\000i\000n\000g\000\040\000a\000n\000d\000\040\000s\000t\000a\000l\000l}{chapter.10}% 78
\BOOKMARK [1][]{section.10.5}{\376\377\0001\0000\000.\0005\000\040\000T\000r\000y\000\040\000i\000t}{chapter.10}% 79
\BOOKMARK [1][]{section.10.6}{\376\377\0001\0000\000.\0006\000\040\000s\000e\000e\000\040\000a\000l\000s\000o}{chapter.10}% 80
\BOOKMARK [-1][]{part.4}{\376\377\000I\000V\000\040\000H\000o\000w\000-\000T\000o}{}% 81
\BOOKMARK [0][]{chapter.11}{\376\377\0001\0001\000\040\000C\000h\000o\000o\000s\000e\000\040\000a\000\040\000F\000o\000r\000m\000a\000t}{part.4}% 82
\BOOKMARK [1][]{section.11.1}{\376\377\0001\0001\000.\0001\000\040\000I\000n\000g\000r\000e\000d\000i\000e\000n\000t\000s}{chapter.11}% 83
\BOOKMARK [1][]{section.11.2}{\376\377\0001\0001\000.\0002\000\040\000R\000e\000c\000i\000p\000e}{chapter.11}% 84
\BOOKMARK [1][]{section.11.3}{\376\377\0001\0001\000.\0003\000\040\000W\000h\000a\000t\000\040\000c\000a\000n\000\040\000g\000o\000\040\000w\000r\000o\000n\000g}{chapter.11}% 85
\BOOKMARK [1][]{section.11.4}{\376\377\0001\0001\000.\0004\000\040\000s\000e\000e\000\040\000a\000l\000s\000o}{chapter.11}% 86
\BOOKMARK [0][]{chapter.12}{\376\377\0001\0002\000\040\000Q\000u\000a\000n\000t\000i\000z\000e\000\040\000a\000\040\000T\000e\000n\000s\000o\000r\000\040\000o\000r\000\040\000M\000o\000d\000e\000l}{part.4}% 87
\BOOKMARK [1][]{section.12.1}{\376\377\0001\0002\000.\0001\000\040\000I\000n\000g\000r\000e\000d\000i\000e\000n\000t\000s}{chapter.12}% 88
\BOOKMARK [1][]{section.12.2}{\376\377\0001\0002\000.\0002\000\040\000R\000e\000c\000i\000p\000e}{chapter.12}% 89
\BOOKMARK [1][]{section.12.3}{\376\377\0001\0002\000.\0003\000\040\000W\000h\000a\000t\000\040\000c\000a\000n\000\040\000g\000o\000\040\000w\000r\000o\000n\000g}{chapter.12}% 90
\BOOKMARK [1][]{section.12.4}{\376\377\0001\0002\000.\0004\000\040\000s\000e\000e\000\040\000a\000l\000s\000o}{chapter.12}% 91
\BOOKMARK [0][]{chapter.13}{\376\377\0001\0003\000\040\000U\000s\000e\000\040\000B\000l\000o\000c\000k\000s\000\040\000t\000o\000\040\000T\000r\000a\000c\000k\000\040\000D\000y\000n\000a\000m\000i\000c\000\040\000R\000a\000n\000g\000e}{part.4}% 92
\BOOKMARK [1][]{section.13.1}{\376\377\0001\0003\000.\0001\000\040\000I\000n\000g\000r\000e\000d\000i\000e\000n\000t\000s}{chapter.13}% 93
\BOOKMARK [1][]{section.13.2}{\376\377\0001\0003\000.\0002\000\040\000R\000e\000c\000i\000p\000e}{chapter.13}% 94
\BOOKMARK [1][]{section.13.3}{\376\377\0001\0003\000.\0003\000\040\000W\000h\000a\000t\000\040\000c\000a\000n\000\040\000g\000o\000\040\000w\000r\000o\000n\000g}{chapter.13}% 95
\BOOKMARK [1][]{section.13.4}{\376\377\0001\0003\000.\0004\000\040\000s\000e\000e\000\040\000a\000l\000s\000o}{chapter.13}% 96
\BOOKMARK [0][]{chapter.14}{\376\377\0001\0004\000\040\000G\000e\000t\000\040\000R\000e\000p\000r\000o\000d\000u\000c\000i\000b\000l\000e\000\040\000S\000t\000o\000c\000h\000a\000s\000t\000i\000c\000\040\000R\000e\000s\000u\000l\000t\000s}{part.4}% 97
\BOOKMARK [1][]{section.14.1}{\376\377\0001\0004\000.\0001\000\040\000I\000n\000g\000r\000e\000d\000i\000e\000n\000t\000s}{chapter.14}% 98
\BOOKMARK [1][]{section.14.2}{\376\377\0001\0004\000.\0002\000\040\000R\000e\000c\000i\000p\000e}{chapter.14}% 99
\BOOKMARK [1][]{section.14.3}{\376\377\0001\0004\000.\0003\000\040\000W\000h\000a\000t\000\040\000c\000a\000n\000\040\000g\000o\000\040\000w\000r\000o\000n\000g}{chapter.14}% 100
\BOOKMARK [1][]{section.14.4}{\376\377\0001\0004\000.\0004\000\040\000s\000e\000e\000\040\000a\000l\000s\000o}{chapter.14}% 101
\BOOKMARK [0][]{chapter.15}{\376\377\0001\0005\000\040\000W\000o\000r\000k\000\040\000w\000i\000t\000h\000\040\000P\000a\000c\000k\000e\000d\000\040\000S\000t\000o\000r\000a\000g\000e}{part.4}% 102
\BOOKMARK [1][]{section.15.1}{\376\377\0001\0005\000.\0001\000\040\000I\000n\000g\000r\000e\000d\000i\000e\000n\000t\000s}{chapter.15}% 103
\BOOKMARK [1][]{section.15.2}{\376\377\0001\0005\000.\0002\000\040\000R\000e\000c\000i\000p\000e}{chapter.15}% 104
\BOOKMARK [1][]{section.15.3}{\376\377\0001\0005\000.\0003\000\040\000W\000h\000a\000t\000\040\000c\000a\000n\000\040\000g\000o\000\040\000w\000r\000o\000n\000g}{chapter.15}% 105
\BOOKMARK [1][]{section.15.4}{\376\377\0001\0005\000.\0004\000\040\000s\000e\000e\000\040\000a\000l\000s\000o}{chapter.15}% 106
\BOOKMARK [0][]{chapter.16}{\376\377\0001\0006\000\040\000C\000o\000n\000v\000e\000r\000t\000\040\000T\000o\000/\000F\000r\000o\000m\000\040\000F\000l\000o\000a\000t\0001\0006\000\040\000\046\000\040\000B\000F\000l\000o\000a\000t\0001\0006\000\040\000S\000a\000f\000e\000l\000y}{part.4}% 107
\BOOKMARK [1][]{section.16.1}{\376\377\0001\0006\000.\0001\000\040\000I\000n\000g\000r\000e\000d\000i\000e\000n\000t\000s}{chapter.16}% 108
\BOOKMARK [1][]{section.16.2}{\376\377\0001\0006\000.\0002\000\040\000R\000e\000c\000i\000p\000e}{chapter.16}% 109
\BOOKMARK [1][]{section.16.3}{\376\377\0001\0006\000.\0003\000\040\000W\000h\000a\000t\000\040\000c\000a\000n\000\040\000g\000o\000\040\000w\000r\000o\000n\000g}{chapter.16}% 110
\BOOKMARK [1][]{section.16.4}{\376\377\0001\0006\000.\0004\000\040\000s\000e\000e\000\040\000a\000l\000s\000o}{chapter.16}% 111
\BOOKMARK [0][]{chapter.17}{\376\377\0001\0007\000\040\000R\000e\000g\000i\000s\000t\000e\000r\000\040\000\046\000\040\000M\000e\000a\000s\000u\000r\000e\000\040\000a\000n\000\040\000A\000p\000p\000r\000o\000x\000i\000m\000a\000t\000i\000o\000n\000\040\000\050\003\272\000\051}{part.4}% 112
\BOOKMARK [1][]{section.17.1}{\376\377\0001\0007\000.\0001\000\040\000I\000n\000g\000r\000e\000d\000i\000e\000n\000t\000s}{chapter.17}% 113
\BOOKMARK [1][]{section.17.2}{\376\377\0001\0007\000.\0002\000\040\000R\000e\000c\000i\000p\000e}{chapter.17}% 114
\BOOKMARK [1][]{section.17.3}{\376\377\0001\0007\000.\0003\000\040\000W\000h\000a\000t\000\040\000c\000a\000n\000\040\000g\000o\000\040\000w\000r\000o\000n\000g}{chapter.17}% 115
\BOOKMARK [1][]{section.17.4}{\376\377\0001\0007\000.\0004\000\040\000s\000e\000e\000\040\000a\000l\000s\000o}{chapter.17}% 116
\BOOKMARK [0][]{chapter.18}{\376\377\0001\0008\000\040\000R\000e\000a\000d\000\040\000\046\000\040\000E\000x\000p\000o\000r\000t\000\040\000t\000h\000e\000\040\000C\000o\000n\000f\000o\000r\000m\000a\000n\000c\000e\000\040\000D\000e\000c\000l\000a\000r\000a\000t\000i\000o\000n}{part.4}% 117
\BOOKMARK [1][]{section.18.1}{\376\377\0001\0008\000.\0001\000\040\000I\000n\000g\000r\000e\000d\000i\000e\000n\000t\000s}{chapter.18}% 118
\BOOKMARK [1][]{section.18.2}{\376\377\0001\0008\000.\0002\000\040\000R\000e\000c\000i\000p\000e}{chapter.18}% 119
\BOOKMARK [1][]{section.18.3}{\376\377\0001\0008\000.\0003\000\040\000W\000h\000a\000t\000\040\000c\000a\000n\000\040\000g\000o\000\040\000w\000r\000o\000n\000g}{chapter.18}% 120
\BOOKMARK [1][]{section.18.4}{\376\377\0001\0008\000.\0004\000\040\000s\000e\000e\000\040\000a\000l\000s\000o}{chapter.18}% 121
\BOOKMARK [-1][]{part.5}{\376\377\000V\000\040\000E\000x\000p\000l\000a\000n\000a\000t\000i\000o\000n\000s}{}% 122
\BOOKMARK [0][]{chapter.19}{\376\377\0001\0009\000\040\000F\000o\000r\000m\000a\000t\000s\000,\000\040\000A\000l\000i\000a\000s\000e\000s\000\040\000\046\000\040\000R\000e\000p\000r\000e\000s\000e\000n\000t\000a\000t\000i\000o\000n\000s}{part.5}% 123
\BOOKMARK [1][]{section.19.1}{\376\377\0001\0009\000.\0001\000\040\000T\000h\000e\000\040\000p\000a\000r\000a\000m\000e\000t\000r\000i\000c\000\040\000t\000y\000p\000e}{chapter.19}% 124
\BOOKMARK [1][]{section.19.2}{\376\377\0001\0009\000.\0002\000\040\000<\000:\000,\000\040\000n\000o\000t\000\040\000=\000=\000=}{chapter.19}% 125
\BOOKMARK [1][]{section.19.3}{\376\377\0001\0009\000.\0003\000\040\000W\000h\000y\000\040\0005\0000\0004\000\040\000f\000o\000r\000m\000a\000t\000s\000,\000\040\000a\000n\000d\000\040\000w\000h\000y\000\040\000o\000n\000l\000y\000\040\0001\0002\0000\000\040\000a\000r\000e\000\040\000e\000x\000p\000o\000r\000t\000e\000d}{chapter.19}% 126
\BOOKMARK [1][]{section.19.4}{\376\377\0001\0009\000.\0004\000\040\000F\000o\000r\000m\000a\000t\000\040\000i\000n\000t\000r\000o\000s\000p\000e\000c\000t\000i\000o\000n}{chapter.19}% 127
\BOOKMARK [1][]{section.19.5}{\376\377\0001\0009\000.\0005\000\040\000G\000o\000\040\000d\000e\000e\000p\000e\000r}{chapter.19}% 128
\BOOKMARK [0][]{chapter.20}{\376\377\0002\0000\000\040\000T\000h\000e\000\040\000P\000r\000o\000j\000e\000c\000t\000i\000o\000n\000\040\000C\000o\000n\000t\000r\000a\000c\000t}{part.5}% 129
\BOOKMARK [1][]{section.20.1}{\376\377\0002\0000\000.\0001\000\040\000O\000n\000e\000\040\000w\000r\000i\000t\000e\000\040\000p\000a\000t\000h}{chapter.20}% 130
\BOOKMARK [1][]{section.20.2}{\376\377\0002\0000\000.\0002\000\040\000W\000h\000a\000t\000\040\000"\000e\000x\000a\000c\000t\000"\000\040\000m\000e\000a\000n\000s\000,\000\040\000p\000e\000r\000\040\000c\000a\000r\000r\000i\000e\000r}{chapter.20}% 131
\BOOKMARK [1][]{section.20.3}{\376\377\0002\0000\000.\0003\000\040\000S\000y\000m\000b\000o\000l\000i\000c\000\040\000s\000t\000i\000c\000k\000y\000:\000\040\000p\000r\000o\000j\000e\000c\000t\000i\000n\000g\000\040\000"\000j\000u\000s\000t\000\040\000b\000e\000l\000o\000w\000"\000\040\000a\000\040\000n\000u\000m\000b\000e\000r}{chapter.20}% 132
\BOOKMARK [1][]{section.20.4}{\376\377\0002\0000\000.\0004\000\040\000W\000h\000y\000\040\000R\000a\000t\000i\000o\000n\000a\000l\000\040\000i\000n\000p\000u\000t\000s\000\040\000a\000r\000e\000\040\000r\000e\000f\000u\000s\000e\000d\000,\000\040\000n\000o\000t\000\040\000d\000o\000u\000b\000l\000e\000-\000r\000o\000u\000n\000d\000e\000d}{chapter.20}% 133
\BOOKMARK [1][]{section.20.5}{\376\377\0002\0000\000.\0005\000\040\000W\000h\000y\000\040\000t\000h\000e\000\040\000c\000o\000n\000t\000r\000a\000c\000t\000\040\000i\000s\000\040\000a\000\040\000s\000i\000n\000g\000l\000e\000,\000\040\000n\000a\000m\000e\000d\000\040\000f\000u\000n\000c\000t\000i\000o\000n}{chapter.20}% 134
\BOOKMARK [1][]{section.20.6}{\376\377\0002\0000\000.\0006\000\040\000G\000o\000\040\000d\000e\000e\000p\000e\000r}{chapter.20}% 135
\BOOKMARK [0][]{chapter.21}{\376\377\0002\0001\000\040\000S\000e\000s\000s\000i\000o\000n\000\040\000D\000e\000f\000a\000u\000l\000t\000s\000\040\000\046\000\040\000T\000h\000e\000i\000r\000\040\000S\000c\000o\000p\000e}{part.5}% 136
\BOOKMARK [1][]{section.21.1}{\376\377\0002\0001\000.\0001\000\040\000T\000h\000e\000\040\000s\000i\000x\000\040\000d\000e\000f\000a\000u\000l\000t\000s}{chapter.21}% 137
\BOOKMARK [1][]{section.21.2}{\376\377\0002\0001\000.\0002\000\040\000C\000o\000h\000e\000r\000e\000n\000c\000e\000\040\000i\000n\000\040\000b\000o\000t\000h\000\040\000d\000i\000r\000e\000c\000t\000i\000o\000n\000s}{chapter.21}% 138
\BOOKMARK [1][]{section.21.3}{\376\377\0002\0001\000.\0003\000\040\000T\000h\000e\000\040\000d\000e\000f\000a\000u\000l\000t\000s\000\040\000a\000r\000e\000\040\000p\000r\000o\000c\000e\000s\000s\000-\000g\000l\000o\000b\000a\000l}{chapter.21}% 139
\BOOKMARK [1][]{section.21.4}{\376\377\0002\0001\000.\0004\000\040\000T\000h\000e\000\040\000w\000i\000t\000h\000\137\000d\000e\000f\000a\000u\000l\000t\000\137\000*\000\040\000c\000o\000m\000b\000i\000n\000a\000t\000o\000r\000s}{chapter.21}% 140
\BOOKMARK [1][]{section.21.5}{\376\377\0002\0001\000.\0005\000\040\000T\000h\000e\000r\000e\000\040\000i\000s\000\040\000n\000o\000\040\000a\000c\000c\000u\000m\000u\000l\000a\000t\000o\000r\000\040\000d\000e\000f\000a\000u\000l\000t}{chapter.21}% 141
\BOOKMARK [1][]{section.21.6}{\376\377\0002\0001\000.\0006\000\040\000G\000o\000\040\000d\000e\000e\000p\000e\000r}{chapter.21}% 142
\BOOKMARK [0][]{chapter.22}{\376\377\0002\0002\000\040\000B\000i\000n\000a\000r\000y\0001\0006\000p\0001\0001\000s\000e\000\040\000I\000s\000\040\000N\000o\000t\000\040\000F\000l\000o\000a\000t\0001\0006}{part.5}% 143
\BOOKMARK [1][]{section.22.1}{\376\377\0002\0002\000.\0001\000\040\000T\000h\000e\000\040\000c\000o\000m\000p\000a\000r\000i\000s\000o\000n}{chapter.22}% 144
\BOOKMARK [1][]{section.22.2}{\376\377\0002\0002\000.\0002\000\040\000T\000h\000e\000\040\000b\000i\000a\000s\000\040\000i\000s\000\040\000t\000h\000e\000\040\000k\000e\000y\000\040\000d\000i\000f\000f\000e\000r\000e\000n\000c\000e}{chapter.22}% 145
\BOOKMARK [1][]{section.22.3}{\376\377\0002\0002\000.\0003\000\040\0006\0005\0004\0007\0002\000\040\000v\000e\000r\000s\000u\000s\000\040\0006\0005\0005\0000\0004}{chapter.22}% 146
\BOOKMARK [1][]{section.22.4}{\376\377\0002\0002\000.\0004\000\040\000S\000i\000n\000g\000l\000e\000\040\000N\000a\000N\000,\000\040\000n\000o\000\040\042\022\0000\000,\000\040\000d\000o\000m\000a\000i\000n\000\040\000a\000s\000\040\000a\000\040\000p\000a\000r\000a\000m\000e\000t\000e\000r}{chapter.22}% 147
\BOOKMARK [1][]{section.22.5}{\376\377\0002\0002\000.\0005\000\040\000C\000o\000n\000v\000e\000r\000t\000,\000\040\000n\000e\000v\000e\000r\000\040\000r\000e\000i\000n\000t\000e\000r\000p\000r\000e\000t}{chapter.22}% 148
\BOOKMARK [1][]{section.22.6}{\376\377\0002\0002\000.\0006\000\040\000W\000h\000y\000\040\000P\0003\0001\0000\0009\000\040\000c\000h\000o\000s\000e\000\040\000a\000\040\000d\000i\000f\000f\000e\000r\000e\000n\000t\000\040\000b\000i\000a\000s\000\040\000r\000u\000l\000e\000\040\000a\000t\000\040\000a\000l\000l}{chapter.22}% 149
\BOOKMARK [1][]{section.22.7}{\376\377\0002\0002\000.\0007\000\040\000I\000n\000t\000e\000r\000o\000p\000\040\000v\000i\000a\000\040\000d\000a\000t\000u\000m\000s\000e\000x\000a\000c\000t}{chapter.22}% 150
\BOOKMARK [1][]{section.22.8}{\376\377\0002\0002\000.\0008\000\040\000T\000h\000e\000\040\000g\000e\000n\000e\000r\000a\000l\000\040\000l\000e\000s\000s\000o\000n}{chapter.22}% 151
\BOOKMARK [1][]{section.22.9}{\376\377\0002\0002\000.\0009\000\040\000G\000o\000\040\000d\000e\000e\000p\000e\000r}{chapter.22}% 152
\BOOKMARK [0][]{chapter.23}{\376\377\0002\0003\000\040\000W\000h\000y\000\040\000N\000o\000\040\000C\000r\000o\000s\000s\000-\000F\000o\000r\000m\000a\000t\000\040\000P\000r\000o\000m\000o\000t\000i\000o\000n}{part.5}% 153
\BOOKMARK [1][]{section.23.1}{\376\377\0002\0003\000.\0001\000\040\000M\000i\000x\000e\000d\000\040\000B\000i\000n\000a\000r\000y\000\040\000f\000o\000r\000m\000a\000t\000s\000:\000\040\000d\000e\000l\000i\000b\000e\000r\000a\000t\000e\000\040\000f\000a\000i\000l\000u\000r\000e\000,\000\040\000n\000o\000t\000\040\000s\000i\000l\000e\000n\000t\000\040\000w\000i\000d\000e\000n\000i\000n\000g}{chapter.23}% 154
\BOOKMARK [1][]{section.23.2}{\376\377\0002\0003\000.\0002\000\040\000B\000i\000n\000a\000r\000y\000\040\000w\000i\000t\000h\000\040\000o\000r\000d\000i\000n\000a\000r\000y\000\040\000n\000u\000m\000b\000e\000r\000s\000:\000\040\000p\000r\000o\000m\000o\000t\000e\000s\000\040\000t\000o\000\040\000t\000h\000e\000\040\000p\000r\000o\000m\000o\000t\000i\000o\000n\000\040\000c\000a\000r\000r\000i\000e\000r}{chapter.23}% 155
\BOOKMARK [1][]{section.23.3}{\376\377\0002\0003\000.\0003\000\040\000W\000h\000y\000\040\000w\000i\000d\000e\000n\000\040\000i\000s\000\040\000n\000o\000t\000\040\000a\000n\000o\000t\000h\000e\000r\000\040\000f\000o\000r\000m\000a\000t}{chapter.23}% 156
\BOOKMARK [1][]{section.23.4}{\376\377\0002\0003\000.\0004\000\040\000W\000h\000y\000\040\000t\000h\000i\000s\000\040\000d\000i\000f\000f\000e\000r\000s\000\040\000f\000r\000o\000m\000\040\000I\000n\000t\000/\000F\000l\000o\000a\000t\0006\0004\000\040\000p\000r\000o\000m\000o\000t\000i\000o\000n}{chapter.23}% 157
\BOOKMARK [1][]{section.23.5}{\376\377\0002\0003\000.\0005\000\040\000E\000x\000p\000l\000i\000c\000i\000t\000\040\000C\000o\000n\000v\000e\000r\000t\000\040\000a\000s\000\040\000t\000h\000e\000\040\000a\000n\000s\000w\000e\000r}{chapter.23}% 158
\BOOKMARK [1][]{section.23.6}{\376\377\0002\0003\000.\0006\000\040\000W\000h\000a\000t\000\040\000t\000h\000i\000s\000\040\000b\000u\000y\000s\000\040\000y\000o\000u\000\040\000a\000s\000\040\000a\000\040\000c\000a\000l\000l\000e\000r}{chapter.23}% 159
\BOOKMARK [1][]{section.23.7}{\376\377\0002\0003\000.\0007\000\040\000G\000o\000\040\000d\000e\000e\000p\000e\000r}{chapter.23}% 160
\BOOKMARK [0][]{chapter.24}{\376\377\0002\0004\000\040\000R\000a\000n\000d\000o\000m\000\040\000V\000a\000l\000u\000e\000s\000:\000\040\000W\000h\000a\000t\000\040\000t\000h\000e\000\040\000D\000r\000a\000w\000s\000\040\000M\000e\000a\000n}{part.5}% 161
\BOOKMARK [1][]{section.24.1}{\376\377\0002\0004\000.\0001\000\040\000W\000h\000a\000t\000\040\000t\000h\000e\000\040\000d\000r\000a\000w\000s\000\040\000m\000e\000a\000n}{chapter.24}% 162
\BOOKMARK [1][]{section.24.2}{\376\377\0002\0004\000.\0002\000\040\000S\000e\000t\000u\000p\000\040\0001\000\040\040\024\000\040\000q\000u\000i\000c\000k\000\040\000a\000n\000d\000\040\000i\000m\000p\000l\000i\000c\000i\000t}{chapter.24}% 163
\BOOKMARK [1][]{section.24.3}{\376\377\0002\0004\000.\0003\000\040\000S\000e\000t\000u\000p\000\040\0002\000\040\040\024\000\040\000a\000n\000\040\000e\000x\000p\000l\000i\000c\000i\000t\000\040\000R\000N\000G\000\040\000s\000t\000r\000e\000a\000m}{chapter.24}% 164
\BOOKMARK [1][]{section.24.4}{\376\377\0002\0004\000.\0004\000\040\000S\000e\000t\000u\000p\000\040\0003\000\040\040\024\000\040\000a\000r\000r\000a\000y\000s\000\040\000a\000n\000d\000\040\000i\000n\000-\000p\000l\000a\000c\000e}{chapter.24}% 165
\BOOKMARK [1][]{section.24.5}{\376\377\0002\0004\000.\0005\000\040\000S\000e\000t\000u\000p\000\040\0004\000\040\040\024\000\040\000c\000h\000o\000o\000s\000i\000n\000g\000\040\000t\000h\000e\000\040\000p\000r\000o\000j\000e\000c\000t\000i\000o\000n}{chapter.24}% 166
\BOOKMARK [1][]{section.24.6}{\376\377\0002\0004\000.\0006\000\040\000W\000h\000y\000\040\000f\000l\000o\000o\000r\000\040\000f\000o\000r\000\040\000r\000a\000n\000d\000\040\000b\000u\000t\000\040\000n\000e\000a\000r\000e\000s\000t\000\040\000f\000o\000r\000\040\000r\000a\000n\000d\000n}{chapter.24}% 167
\BOOKMARK [1][]{section.24.7}{\376\377\0002\0004\000.\0007\000\040\000W\000h\000y\000\040\000t\000h\000i\000s\000\040\000m\000a\000t\000t\000e\000r\000s\000\040\000f\000o\000r\000\040\000t\000h\000e\000\040\000s\000m\000a\000l\000l\000e\000s\000t\000\040\000f\000o\000r\000m\000a\000t\000s}{chapter.24}% 168
\BOOKMARK [1][]{section.24.8}{\376\377\0002\0004\000.\0008\000\040\000G\000o\000\040\000d\000e\000e\000p\000e\000r}{chapter.24}% 169
\BOOKMARK [0][]{chapter.25}{\376\377\0002\0005\000\040\000P\000e\000r\000f\000o\000r\000m\000a\000n\000c\000e\000\040\000M\000o\000d\000e\000l}{part.5}% 170
\BOOKMARK [1][]{section.25.1}{\376\377\0002\0005\000.\0001\000\040\000P\000a\000s\000s\000\040\000f\000o\000r\000m\000a\000t\000s\000\040\000s\000t\000a\000t\000i\000c\000a\000l\000l\000y}{chapter.25}% 171
\BOOKMARK [1][]{section.25.2}{\376\377\0002\0005\000.\0002\000\040\000C\000o\000n\000v\000e\000n\000i\000e\000n\000c\000e\000\040\000f\000o\000r\000m\000s\000\040\000a\000r\000e\000\040\000f\000r\000e\000e\000\040\000a\000t\000\040\000t\000h\000e\000\040\000i\000n\000i\000t\000i\000a\000l\000\040\000d\000e\000f\000a\000u\000l\000t}{chapter.25}% 172
\BOOKMARK [1][]{section.25.3}{\376\377\0002\0005\000.\0003\000\040\000B\000u\000l\000k\000\040\000w\000o\000r\000k\000\040\000b\000e\000l\000o\000n\000g\000s\000\040\000i\000n\000\040\000a\000r\000r\000a\000y\000\040\000c\000a\000l\000l\000s}{chapter.25}% 173
\BOOKMARK [1][]{section.25.4}{\376\377\0002\0005\000.\0004\000\040\000S\000t\000o\000c\000h\000a\000s\000t\000i\000c\000\040\000a\000r\000r\000a\000y\000\040\000c\000a\000l\000l\000s\000\040\000a\000r\000e\000\040\000a\000l\000w\000a\000y\000s\000\040\000p\000e\000r\000-\000e\000l\000e\000m\000e\000n\000t}{chapter.25}% 174
\BOOKMARK [1][]{section.25.5}{\376\377\0002\0005\000.\0005\000\040\000M\000e\000m\000o\000r\000y\000:\000\040\000P\000a\000c\000k\000e\000d\000V\000e\000c\000t\000o\000r\000\040\000a\000n\000d\000\040\000B\000l\000o\000c\000k\000V\000e\000c\000t\000o\000r}{chapter.25}% 175
\BOOKMARK [1][]{section.25.6}{\376\377\0002\0005\000.\0006\000\040\000S\000o\000r\000t\000i\000n\000g\000:\000\040\000O\000\050\000n\000\051\000\040\000c\000o\000u\000n\000t\000i\000n\000g\000\040\000s\000o\000r\000t}{chapter.25}% 176
\BOOKMARK [1][]{section.25.7}{\376\377\0002\0005\000.\0007\000\040\000D\000o\000\040\000n\000o\000t\000\040\000u\000s\000e\000\040\000@\000f\000a\000s\000t\000m\000a\000t\000h}{chapter.25}% 177
\BOOKMARK [1][]{section.25.8}{\376\377\0002\0005\000.\0008\000\040\000G\000o\000\040\000d\000e\000e\000p\000e\000r}{chapter.25}% 178
\BOOKMARK [-1][]{part.6}{\376\377\000V\000I\000\040\000R\000e\000f\000e\000r\000e\000n\000c\000e}{}% 179
\BOOKMARK [0][]{chapter.26}{\376\377\0002\0006\000\040\000F\000o\000r\000m\000a\000t\000\040\000N\000a\000m\000e\000s\000\040\000\046\000\040\000Q\000u\000e\000r\000i\000e\000s}{part.6}% 180
\BOOKMARK [1][]{section.26.1}{\376\377\0002\0006\000.\0001\000\040\000N\000a\000m\000i\000n\000g\000\040\000g\000r\000a\000m\000m\000a\000r}{chapter.26}% 181
\BOOKMARK [1][]{section.26.2}{\376\377\0002\0006\000.\0002\000\040\000<\000:\000\040\000v\000e\000r\000s\000u\000s\000\040\000=\000=\000=}{chapter.26}% 182
\BOOKMARK [1][]{section.26.3}{\376\377\0002\0006\000.\0003\000\040\000f\000o\000r\000m\000a\000t\000\050\000\051\000\040\000a\000n\000d\000\040\000o\000p\000t\000-\000i\000n\000\040\000a\000c\000c\000e\000s\000s}{chapter.26}% 183
\BOOKMARK [1][]{section.26.4}{\376\377\0002\0006\000.\0004\000\040\000F\000o\000r\000m\000a\000t\000\040\000q\000u\000e\000r\000y\000\040\000t\000a\000b\000l\000e}{chapter.26}% 184
\BOOKMARK [1][]{section.26.5}{\376\377\0002\0006\000.\0005\000\040\000V\000a\000l\000u\000e\000-\000a\000n\000d\000-\000t\000y\000p\000e\000\040\000c\000a\000l\000l\000\040\000f\000o\000r\000m\000s}{chapter.26}% 185
\BOOKMARK [1][]{section.26.6}{\376\377\0002\0006\000.\0006\000\040\000s\000e\000e\000\040\000a\000l\000s\000o}{chapter.26}% 186
\BOOKMARK [0][]{chapter.27}{\376\377\0002\0007\000\040\000P\000r\000o\000j\000e\000c\000t\000i\000o\000n\000\040\000S\000p\000e\000c\000i\000f\000i\000c\000a\000t\000i\000o\000n\000s}{part.6}% 187
\BOOKMARK [1][]{section.27.1}{\376\377\0002\0007\000.\0001\000\040\000P\000r\000o\000j\000S\000p\000e\000c\000\040\000c\000o\000n\000s\000t\000r\000u\000c\000t\000o\000r}{chapter.27}% 188
\BOOKMARK [1][]{section.27.2}{\376\377\0002\0007\000.\0002\000\040\000D\000e\000t\000e\000r\000m\000i\000n\000i\000s\000t\000i\000c\000\040\000p\000r\000e\000d\000e\000f\000i\000n\000e\000d\000\040\000s\000p\000e\000c\000s\000\040\000\050\0006\000\040\000\327\000\040\0003\000\051}{chapter.27}% 189
\BOOKMARK [1][]{section.27.3}{\376\377\0002\0007\000.\0003\000\040\000S\000t\000o\000c\000h\000a\000s\000t\000i\000c\000\040\000f\000a\000m\000i\000l\000i\000e\000s}{chapter.27}% 190
\BOOKMARK [1][]{section.27.4}{\376\377\0002\0007\000.\0004\000\040\000A\000c\000c\000e\000s\000s\000o\000r\000s}{chapter.27}% 191
\BOOKMARK [1][]{section.27.5}{\376\377\0002\0007\000.\0005\000\040\000S\000a\000t\000u\000r\000a\000t\000i\000o\000n\000-\000m\000o\000d\000e\000\040\000m\000e\000a\000n\000i\000n\000g}{chapter.27}% 192
\BOOKMARK [1][]{section.27.6}{\376\377\0002\0007\000.\0006\000\040\000E\000x\000p\000l\000i\000c\000i\000t\000\040\000R\000\040\000r\000a\000n\000g\000e\000\040\000r\000u\000l\000e}{chapter.27}% 193
\BOOKMARK [1][]{section.27.7}{\376\377\0002\0007\000.\0007\000\040\000s\000e\000e\000\040\000a\000l\000s\000o}{chapter.27}% 194
\BOOKMARK [0][]{chapter.28}{\376\377\0002\0008\000\040\000O\000p\000e\000r\000a\000t\000i\000o\000n\000\040\000C\000a\000t\000a\000l\000o\000g}{part.6}% 195
\BOOKMARK [1][]{section.28.1}{\376\377\0002\0008\000.\0001\000\040\000U\000n\000a\000r\000y\000\040\000\050\0003\0000\000\051}{chapter.28}% 196
\BOOKMARK [1][]{section.28.2}{\376\377\0002\0008\000.\0002\000\040\000B\000i\000n\000a\000r\000y\000\040\000\050\0001\0008\000\051}{chapter.28}% 197
\BOOKMARK [1][]{section.28.3}{\376\377\0002\0008\000.\0003\000\040\000T\000e\000r\000n\000a\000r\000y\000\040\000\050\0003\000\051}{chapter.28}% 198
\BOOKMARK [1][]{section.28.4}{\376\377\0002\0008\000.\0004\000\040\000C\000o\000n\000v\000e\000r\000s\000i\000o\000n}{chapter.28}% 199
\BOOKMARK [1][]{section.28.5}{\376\377\0002\0008\000.\0005\000\040\000B\000a\000s\000e\000\040\000s\000p\000e\000l\000l\000i\000n\000g\000s\000\040\000t\000h\000a\000t\000\040\000a\000r\000e\000\040\000c\000o\000m\000p\000o\000n\000e\000n\000t\000w\000i\000s\000e\000\040\000c\000o\000m\000p\000o\000s\000i\000t\000e\000s}{chapter.28}% 200
\BOOKMARK [1][]{section.28.6}{\376\377\0002\0008\000.\0006\000\040\000D\000e\000l\000i\000b\000e\000r\000a\000t\000e\000l\000y\000\040\000u\000n\000m\000a\000p\000p\000e\000d\000\040\000d\000r\000a\000f\000t\000\040\000o\000p\000e\000r\000a\000t\000i\000o\000n\000s}{chapter.28}% 201
\BOOKMARK [1][]{section.28.7}{\376\377\0002\0008\000.\0007\000\040\000C\000a\000l\000l\000\040\000s\000h\000a\000p\000e\000s}{chapter.28}% 202
\BOOKMARK [1][]{section.28.8}{\376\377\0002\0008\000.\0008\000\040\000s\000e\000e\000\040\000a\000l\000s\000o}{chapter.28}% 203
\BOOKMARK [0][]{chapter.29}{\376\377\0002\0009\000\040\000S\000e\000s\000s\000i\000o\000n\000\040\000D\000e\000f\000a\000u\000l\000t\000s}{part.6}% 204
\BOOKMARK [1][]{section.29.1}{\376\377\0002\0009\000.\0001\000\040\000G\000e\000t\000t\000e\000r\000\040\000/\000\040\000s\000e\000t\000t\000e\000r\000\040\000t\000a\000b\000l\000e}{chapter.29}% 205
\BOOKMARK [1][]{section.29.2}{\376\377\0002\0009\000.\0002\000\040\000C\000o\000h\000e\000r\000e\000n\000c\000e\000\040\000i\000n\000v\000a\000r\000i\000a\000n\000t}{chapter.29}% 206
\BOOKMARK [1][]{section.29.3}{\376\377\0002\0009\000.\0003\000\040\000w\000i\000t\000h\000\137\000d\000e\000f\000a\000u\000l\000t\000\137\000*\000\040\000c\000o\000m\000b\000i\000n\000a\000t\000o\000r\000s}{chapter.29}% 207
\BOOKMARK [1][]{section.29.4}{\376\377\0002\0009\000.\0004\000\040\000C\000o\000s\000t\000\040\000m\000o\000d\000e\000l}{chapter.29}% 208
\BOOKMARK [1][]{section.29.5}{\376\377\0002\0009\000.\0005\000\040\000s\000e\000e\000\040\000a\000l\000s\000o}{chapter.29}% 209
\BOOKMARK [0][]{chapter.30}{\376\377\0003\0000\000\040\000A\000r\000r\000a\000y\000s\000,\000\040\000B\000l\000o\000c\000k\000s\000\040\000\046\000\040\000P\000a\000c\000k\000e\000d\000\040\000S\000t\000o\000r\000a\000g\000e}{part.6}% 210
\BOOKMARK [1][]{section.30.1}{\376\377\0003\0000\000.\0001\000\040\000A\000r\000r\000a\000y\000\040\000o\000p\000e\000r\000a\000t\000i\000o\000n\000\040\000f\000o\000r\000m\000s}{chapter.30}% 211
\BOOKMARK [1][]{section.30.2}{\376\377\0003\0000\000.\0002\000\040\000T\000a\000b\000l\000e\000\040\000c\000a\000c\000h\000e\000\040\000i\000n\000t\000r\000o\000s\000p\000e\000c\000t\000i\000o\000n}{chapter.30}% 212
\BOOKMARK [1][]{section.30.3}{\376\377\0003\0000\000.\0003\000\040\000B\000l\000o\000c\000k\000\040\000f\000u\000n\000c\000t\000i\000o\000n\000s}{chapter.30}% 213
\BOOKMARK [1][]{section.30.4}{\376\377\0003\0000\000.\0004\000\040\000B\000l\000o\000c\000k\000V\000e\000c\000t\000o\000r}{chapter.30}% 214
\BOOKMARK [1][]{section.30.5}{\376\377\0003\0000\000.\0005\000\040\000P\000a\000c\000k\000e\000d\000V\000e\000c\000t\000o\000r}{chapter.30}% 215
\BOOKMARK [1][]{section.30.6}{\376\377\0003\0000\000.\0006\000\040\000s\000e\000e\000\040\000a\000l\000s\000o}{chapter.30}% 216
\BOOKMARK [0][]{chapter.31}{\376\377\0003\0001\000\040\000J\000u\000l\000i\000a\000\040\000C\000o\000m\000p\000a\000t\000i\000b\000i\000l\000i\000t\000y\000:\000\040\000t\000h\000e\000\040\000B\000a\000s\000e\000\040\000R\000e\000g\000i\000s\000t\000e\000r}{part.6}% 217
\BOOKMARK [1][]{section.31.1}{\376\377\0003\0001\000.\0001\000\040\000U\000s\000i\000n\000g\000\040\000t\000h\000e\000\040\000o\000v\000e\000r\000l\000o\000a\000d\000s}{chapter.31}% 218
\BOOKMARK [1][]{section.31.2}{\376\377\0003\0001\000.\0002\000\040\000T\000h\000e\000\040\000m\000a\000p\000p\000i\000n\000g}{chapter.31}% 219
\BOOKMARK [1][]{section.31.3}{\376\377\0003\0001\000.\0003\000\040\000W\000h\000a\000t\000\040\000i\000s\000\040\000n\000o\000t\000\040\000m\000a\000p\000p\000e\000d\000,\000\040\000a\000n\000d\000\040\000w\000h\000y}{chapter.31}% 220
\BOOKMARK [1][]{section.31.4}{\376\377\0003\0001\000.\0004\000\040\000T\000h\000e\000\040\000r\000e\000s\000t\000\040\000o\000f\000\040\000t\000h\000e\000\040\000B\000a\000s\000e\000\040\000s\000u\000r\000f\000a\000c\000e}{chapter.31}% 221
\BOOKMARK [0][]{chapter.32}{\376\377\0003\0002\000\040\000C\000o\000n\000f\000o\000r\000m\000a\000n\000c\000e\000\040\000\046\000\040\000A\000p\000p\000r\000o\000x\000i\000m\000a\000t\000i\000o\000n\000\040\000R\000e\000g\000i\000s\000t\000r\000y}{part.6}% 222
\BOOKMARK [1][]{section.32.1}{\376\377\0003\0002\000.\0001\000\040\000C\000o\000n\000f\000o\000r\000m\000a\000n\000c\000e\000\040\000f\000u\000n\000c\000t\000i\000o\000n\000s}{chapter.32}% 223
\BOOKMARK [1][]{section.32.2}{\376\377\0003\0002\000.\0002\000\040\003\272\000\040\000r\000e\000g\000i\000s\000t\000r\000y}{chapter.32}% 224
\BOOKMARK [1][]{section.32.3}{\376\377\0003\0002\000.\0003\000\040\000U\000n\000d\000e\000r\000s\000t\000a\000t\000e\000m\000e\000n\000t\000-\000r\000e\000j\000e\000c\000t\000i\000o\000n\000\040\000r\000u\000l\000e}{chapter.32}% 225
\BOOKMARK [1][]{section.32.4}{\376\377\0003\0002\000.\0004\000\040\003\272\000\040\000=\000\040\000N\000a\000N\000\040\000a\000c\000k\000n\000o\000w\000l\000e\000d\000g\000m\000e\000n\000t\000\040\000r\000u\000l\000e}{chapter.32}% 226
\BOOKMARK [1][]{section.32.5}{\376\377\0003\0002\000.\0005\000\040\000s\000e\000e\000\040\000a\000l\000s\000o}{chapter.32}% 227
\BOOKMARK [0][]{chapter.33}{\376\377\0003\0003\000\040\000E\000x\000t\000e\000r\000n\000a\000l\000\040\000R\000e\000f\000e\000r\000e\000n\000c\000e}{part.6}% 228
\BOOKMARK [1][]{section.33.1}{\376\377\0003\0003\000.\0001\000\040\000I\000n\000d\000e\000x}{chapter.33}% 229
\BOOKMARK [0][]{chapter.34}{\376\377\0003\0004\000\040\000I\000n\000t\000e\000r\000n\000a\000l\000\040\000R\000e\000f\000e\000r\000e\000n\000c\000e}{part.6}% 230
\BOOKMARK [-1][]{part.7}{\376\377\000V\000I\000I\000\040\000F\000o\000u\000n\000d\000a\000t\000i\000o\000n\000s}{}% 231
\BOOKMARK [0][]{chapter.35}{\376\377\0003\0005\000\040\000F\000o\000r\000m\000a\000l\000\040\000F\000o\000u\000n\000d\000a\000t\000i\000o\000n\000s\000:\000\040\000t\000h\000e\000\040\000C\000o\000d\000e\000-\000P\000o\000i\000n\000t\000\040\000A\000l\000g\000e\000b\000r\000a}{part.7}% 232
\BOOKMARK [1][]{section.35.1}{\376\377\0003\0005\000.\0001\000\040\000P\000a\000r\000a\000m\000e\000t\000e\000r\000s}{chapter.35}% 233
\BOOKMARK [1][]{section.35.2}{\376\377\0003\0005\000.\0002\000\040\000D\000e\000r\000i\000v\000e\000d\000\040\000q\000u\000a\000n\000t\000i\000t\000i\000e\000s}{chapter.35}% 234
\BOOKMARK [1][]{section.35.3}{\376\377\0003\0005\000.\0003\000\040\000T\000h\000e\000\040\000N\000a\000N\000\040\000a\000n\000c\000h\000o\000r}{chapter.35}% 235
\BOOKMARK [1][]{section.35.4}{\376\377\0003\0005\000.\0004\000\040\000D\000e\000c\000o\000d\000i\000n\000g\000:\000\040\000c\000o\000d\000e\000\040\000t\000o\000\040\000v\000a\000l\000u\000e}{chapter.35}% 236
\BOOKMARK [1][]{section.35.5}{\376\377\0003\0005\000.\0005\000\040\000W\000i\000t\000h\000i\000n\000\040\000a\000\040\000b\000i\000n\000a\000d\000e}{chapter.35}% 237
\BOOKMARK [1][]{section.35.6}{\376\377\0003\0005\000.\0006\000\040\000O\000r\000d\000e\000r\000i\000n\000g}{chapter.35}% 238
\BOOKMARK [1][]{section.35.7}{\376\377\0003\0005\000.\0007\000\040\000S\000i\000g\000n\000,\000\040\000m\000a\000g\000n\000i\000t\000u\000d\000e\000,\000\040\000n\000e\000g\000a\000t\000i\000o\000n}{chapter.35}% 239
\BOOKMARK [1][]{section.35.8}{\376\377\0003\0005\000.\0008\000\040\000P\000a\000r\000a\000m\000e\000t\000e\000r\000\040\000r\000e\000c\000o\000v\000e\000r\000y}{chapter.35}% 240
\BOOKMARK [1][]{section.35.9}{\376\377\0003\0005\000.\0009\000\040\000C\000h\000e\000c\000k\000i\000n\000g\000\040\000y\000o\000u\000r\000\040\000o\000w\000n\000\040\000d\000e\000r\000i\000v\000a\000t\000i\000o\000n}{chapter.35}% 241
\BOOKMARK [1][]{section.35.10}{\376\377\0003\0005\000.\0001\0000\000\040\000S\000e\000e\000\040\000a\000l\000s\000o}{chapter.35}% 242
\BOOKMARK [-1][]{part.8}{\376\377\000V\000I\000I\000I\000\040\000E\000x\000a\000m\000p\000l\000e\000s}{}% 243
\BOOKMARK [0][]{chapter.36}{\376\377\0003\0006\000\040\000E\000x\000a\000m\000p\000l\000e\000s\000\040\000I\000n\000d\000e\000x}{part.8}% 244
\BOOKMARK [1][]{section.36.1}{\376\377\0003\0006\000.\0001\000\040\000B\000a\000s\000i\000c}{chapter.36}% 245
\BOOKMARK [1][]{section.36.2}{\376\377\0003\0006\000.\0002\000\040\000G\000e\000n\000e\000r\000a\000l\000\040\000A\000I}{chapter.36}% 246
\BOOKMARK [1][]{section.36.3}{\376\377\0003\0006\000.\0003\000\040\000M\000a\000c\000h\000i\000n\000e\000\040\000L\000e\000a\000r\000n\000i\000n\000g}{chapter.36}% 247
\BOOKMARK [1][]{section.36.4}{\376\377\0003\0006\000.\0004\000\040\000D\000e\000e\000p\000\040\000L\000e\000a\000r\000n\000i\000n\000g}{chapter.36}% 248
\BOOKMARK [1][]{section.36.5}{\376\377\0003\0006\000.\0005\000\040\000V\000e\000r\000i\000f\000i\000c\000a\000t\000i\000o\000n}{chapter.36}% 249
\BOOKMARK [1][]{section.36.6}{\376\377\0003\0006\000.\0006\000\040\000S\000e\000e\000\040\000a\000l\000s\000o}{chapter.36}% 250
\BOOKMARK [0][]{chapter.37}{\376\377\0003\0007\000\040\000W\000o\000r\000k\000e\000d\000\040\000E\000x\000a\000m\000p\000l\000e\000s\000:\000\040\000A\000p\000p\000l\000i\000e\000d}{part.8}% 251
\BOOKMARK [1][]{section.37.1}{\376\377\0003\0007\000.\0001\000\040\000B\000a\000s\000i\000c}{chapter.37}% 252
\BOOKMARK [1][]{section.37.2}{\376\377\0003\0007\000.\0002\000\040\000G\000e\000n\000e\000r\000a\000l\000\040\000A\000I}{chapter.37}% 253
\BOOKMARK [1][]{section.37.3}{\376\377\0003\0007\000.\0003\000\040\000M\000a\000c\000h\000i\000n\000e\000\040\000L\000e\000a\000r\000n\000i\000n\000g}{chapter.37}% 254
\BOOKMARK [1][]{section.37.4}{\376\377\0003\0007\000.\0004\000\040\000D\000e\000e\000p\000\040\000L\000e\000a\000r\000n\000i\000n\000g}{chapter.37}% 255
\BOOKMARK [0][]{chapter.38}{\376\377\0003\0008\000\040\000W\000o\000r\000k\000e\000d\000\040\000E\000x\000a\000m\000p\000l\000e\000s\000:\000\040\000I\000n\000t\000e\000r\000n\000a\000l\000s}{part.8}% 256
\BOOKMARK [1][]{section.38.1}{\376\377\0003\0008\000.\0001\000\040\000B\000a\000s\000i\000c}{chapter.38}% 257
\BOOKMARK [1][]{section.38.2}{\376\377\0003\0008\000.\0002\000\040\000G\000e\000n\000e\000r\000a\000l\000\040\000A\000I}{chapter.38}% 258
\BOOKMARK [1][]{section.38.3}{\376\377\0003\0008\000.\0003\000\040\000M\000a\000c\000h\000i\000n\000e\000\040\000L\000e\000a\000r\000n\000i\000n\000g}{chapter.38}% 259
\BOOKMARK [1][]{section.38.4}{\376\377\0003\0008\000.\0004\000\040\000D\000e\000e\000p\000\040\000L\000e\000a\000r\000n\000i\000n\000g}{chapter.38}% 260
\BOOKMARK [-1][]{part.9}{\376\377\000I\000X\000\040\000I\000n\000s\000i\000g\000h\000t\000s}{}% 261
\BOOKMARK [0][]{chapter.39}{\376\377\0003\0009\000\040\000A\000r\000c\000h\000i\000t\000e\000c\000t\000u\000r\000e\000\040\000O\000v\000e\000r\000v\000i\000e\000w}{part.9}% 262
\BOOKMARK [1][]{section.39.1}{\376\377\0003\0009\000.\0001\000\040\000L\000a\000y\000e\000r\000\040\000m\000a\000p}{chapter.39}% 263
\BOOKMARK [1][]{section.39.2}{\376\377\0003\0009\000.\0002\000\040\000s\000e\000e\000\040\000a\000l\000s\000o}{chapter.39}% 264
\BOOKMARK [0][]{chapter.40}{\376\377\0004\0000\000\040\000T\000h\000e\000\040\000E\000n\000c\000o\000d\000i\000n\000g\000\040\000\046\000\040\000P\000r\000o\000j\000e\000c\000t\000i\000o\000n\000\040\000E\000n\000g\000i\000n\000e}{part.9}% 265
\BOOKMARK [1][]{section.40.1}{\376\377\0004\0000\000.\0001\000\040\000E\000n\000c\000o\000d\000i\000n\000g\000\040\000a\000n\000d\000\040\000d\000e\000c\000o\000d\000i\000n\000g}{chapter.40}% 266
\BOOKMARK [1][]{section.40.2}{\376\377\0004\0000\000.\0002\000\040\000T\000h\000e\000\040\000p\000r\000o\000j\000e\000c\000t\000i\000o\000n\000\040\000e\000n\000g\000i\000n\000e}{chapter.40}% 267
\BOOKMARK [1][]{section.40.3}{\376\377\0004\0000\000.\0003\000\040\000s\000e\000e\000\040\000a\000l\000s\000o}{chapter.40}% 268
\BOOKMARK [0][]{chapter.41}{\376\377\0004\0001\000\040\000T\000h\000e\000\040\000O\000r\000a\000c\000l\000e\000\040\000\046\000\040\000R\000i\000g\000o\000r\000\040\000C\000l\000a\000s\000s\000e\000s}{part.9}% 269
\BOOKMARK [1][]{section.41.1}{\376\377\0004\0001\000.\0001\000\040\000T\000h\000e\000\040\000D\000y\000a\000d\000i\000c\041\224\000R\000a\000t\000i\000o\000n\000a\000l\000\040\000b\000r\000i\000d\000g\000e}{chapter.41}% 270
\BOOKMARK [1][]{section.41.2}{\376\377\0004\0001\000.\0002\000\040\000T\000h\000e\000\040\000t\000w\000o\000\040\000r\000i\000g\000o\000r\000\040\000c\000l\000a\000s\000s\000e\000s}{chapter.41}% 271
\BOOKMARK [1][]{section.41.3}{\376\377\0004\0001\000.\0003\000\040\000T\000h\000e\000\040\000i\000n\000t\000e\000r\000v\000a\000l\000\040\000p\000r\000o\000t\000o\000c\000o\000l}{chapter.41}% 272
\BOOKMARK [1][]{section.41.4}{\376\377\0004\0001\000.\0004\000\040\000s\000e\000e\000\040\000a\000l\000s\000o}{chapter.41}% 273
\BOOKMARK [0][]{chapter.42}{\376\377\0004\0002\000\040\000T\000a\000b\000l\000e\000s\000,\000\040\000K\000e\000r\000n\000e\000l\000s\000\040\000\046\000\040\000S\000o\000r\000t\000i\000n\000g}{part.9}% 274
\BOOKMARK [1][]{section.42.1}{\376\377\0004\0002\000.\0001\000\040\000F\000u\000n\000c\000t\000i\000o\000n\000\040\000T\000a\000b\000l\000e\000s}{chapter.42}% 275
\BOOKMARK [1][]{section.42.2}{\376\377\0004\0002\000.\0002\000\040\000S\000o\000r\000t\000i\000n\000g}{chapter.42}% 276
\BOOKMARK [1][]{section.42.3}{\376\377\0004\0002\000.\0003\000\040\000s\000e\000e\000\040\000a\000l\000s\000o}{chapter.42}% 277
\BOOKMARK [0][]{chapter.43}{\376\377\0004\0003\000\040\000B\000l\000o\000c\000k\000s\000:\000\040\000E\000x\000a\000c\000t\000n\000e\000s\000s\000\040\000w\000i\000t\000h\000o\000u\000t\000\040\000a\000\040\000S\000u\000p\000e\000r\000a\000c\000c\000u\000m\000u\000l\000a\000t\000o\000r}{part.9}% 278
\BOOKMARK [1][]{section.43.1}{\376\377\0004\0003\000.\0001\000\040\000T\000h\000e\000\040\000p\000r\000o\000b\000l\000e\000m}{chapter.43}% 279
\BOOKMARK [1][]{section.43.2}{\376\377\0004\0003\000.\0002\000\040\000S\000t\000e\000p\000\040\0001\000:\000\040\000d\000e\000c\000o\000d\000e\000\040\000e\000a\000c\000h\000\040\000l\000a\000n\000e\000\040\000e\000x\000a\000c\000t\000l\000y}{chapter.43}% 280
\BOOKMARK [1][]{section.43.3}{\376\377\0004\0003\000.\0003\000\040\000S\000t\000e\000p\000\040\0002\000:\000\040\000a\000c\000c\000u\000m\000u\000l\000a\000t\000e\000\040\000e\000x\000a\000c\000t\000l\000y\000\040\040\024\000\040\000t\000w\000o\000\040\000s\000t\000r\000a\000t\000e\000g\000i\000e\000s}{chapter.43}% 281
\BOOKMARK [1][]{section.43.4}{\376\377\0004\0003\000.\0004\000\040\000S\000t\000e\000p\000\040\0003\000:\000\040\000p\000r\000o\000j\000e\000c\000t\000\040\000o\000n\000c\000e}{chapter.43}% 282
\BOOKMARK [1][]{section.43.5}{\376\377\0004\0003\000.\0005\000\040\000W\000h\000y\000\040\000n\000o\000\040\000s\000u\000p\000e\000r\000a\000c\000c\000u\000m\000u\000l\000a\000t\000o\000r}{chapter.43}% 283
\BOOKMARK [1][]{section.43.6}{\376\377\0004\0003\000.\0006\000\040\000S\000e\000e\000\040\000a\000l\000s\000o}{chapter.43}% 284
\BOOKMARK [0][]{chapter.44}{\376\377\0004\0004\000\040\000P\000a\000c\000k\000a\000g\000e\000\040\000V\000e\000r\000i\000f\000i\000c\000a\000t\000i\000o\000n\000\040\000\046\000\040\000B\000e\000n\000c\000h\000m\000a\000r\000k\000i\000n\000g}{part.9}% 285
\BOOKMARK [1][]{section.44.1}{\376\377\0004\0004\000.\0001\000\040\000W\000h\000a\000t\000\040\000I\000s\000\040\000V\000e\000r\000i\000f\000i\000e\000d}{chapter.44}% 286
\BOOKMARK [1][]{section.44.2}{\376\377\0004\0004\000.\0002\000\040\000T\000h\000e\000\040\000A\000p\000p\000r\000o\000a\000c\000h\000\040\000t\000o\000\040\000B\000e\000n\000c\000h\000m\000a\000r\000k\000i\000n\000g}{chapter.44}% 287
\BOOKMARK [1][]{section.44.3}{\376\377\0004\0004\000.\0003\000\040\000D\000e\000l\000i\000b\000e\000r\000a\000t\000e\000\040\000l\000i\000m\000i\000t\000a\000t\000i\000o\000n\000s}{chapter.44}% 288
\BOOKMARK [1][]{section.44.4}{\376\377\0004\0004\000.\0004\000\040\000s\000e\000e\000\040\000a\000l\000s\000o}{chapter.44}% 289
\BOOKMARK [0][]{chapter.45}{\376\377\0004\0005\000\040\000A\000d\000d\000\040\000a\000n\000\040\000O\000p\000e\000r\000a\000t\000i\000o\000n}{part.9}% 290
\BOOKMARK [1][]{section.45.1}{\376\377\0004\0005\000.\0001\000\040\000E\000v\000e\000r\000y\000\040\000n\000e\000w\000\040\000o\000p\000e\000r\000a\000t\000i\000o\000n}{chapter.45}% 291
\BOOKMARK [1][]{section.45.2}{\376\377\0004\0005\000.\0002\000\040\000S\000c\000a\000l\000a\000r\000\040\000o\000p\000e\000r\000a\000t\000i\000o\000n\000s}{chapter.45}% 292
\BOOKMARK [1][]{section.45.3}{\376\377\0004\0005\000.\0003\000\040\000B\000l\000o\000c\000k\000\040\000o\000p\000e\000r\000a\000t\000i\000o\000n\000s}{chapter.45}% 293
\BOOKMARK [1][]{section.45.4}{\376\377\0004\0005\000.\0004\000\040\000C\000h\000e\000c\000k\000l\000i\000s\000t}{chapter.45}% 294
\BOOKMARK [1][]{section.45.5}{\376\377\0004\0005\000.\0005\000\040\000s\000e\000e\000\040\000a\000l\000s\000o}{chapter.45}% 295
\BOOKMARK [0][]{chapter.46}{\376\377\0004\0006\000\040\000V\000e\000r\000i\000f\000y\000\040\000C\000u\000s\000t\000o\000m\000\040\000C\000o\000d\000e}{part.9}% 296
\BOOKMARK [1][]{section.46.1}{\376\377\0004\0006\000.\0001\000\040\000V\000e\000r\000i\000f\000y\000\040\000a\000\040\000q\000u\000a\000n\000t\000i\000z\000e\000r}{chapter.46}% 297
\BOOKMARK [1][]{section.46.2}{\376\377\0004\0006\000.\0002\000\040\000P\000r\000o\000v\000e\000\040\000a\000\040\000f\000u\000s\000e\000d\000\040\000k\000e\000r\000n\000e\000l}{chapter.46}% 298
\BOOKMARK [1][]{section.46.3}{\376\377\0004\0006\000.\0003\000\040\000A\000u\000d\000i\000t\000\040\000s\000t\000o\000c\000h\000a\000s\000t\000i\000c\000\040\000r\000o\000u\000n\000d\000i\000n\000g}{chapter.46}% 299
\BOOKMARK [1][]{section.46.4}{\376\377\0004\0006\000.\0004\000\040\000A\000p\000p\000l\000y\000i\000n\000g\000\040\000m\000o\000n\000o\000t\000o\000n\000i\000c\000i\000t\000y}{chapter.46}% 300
\BOOKMARK [1][]{section.46.5}{\376\377\0004\0006\000.\0005\000\040\000M\000e\000a\000s\000u\000r\000i\000n\000g\000\040\000A\000p\000p\000r\000o\000x\000i\000m\000a\000t\000i\000o\000n}{chapter.46}% 301
\BOOKMARK [1][]{section.46.6}{\376\377\0004\0006\000.\0006\000\040\000s\000e\000e\000\040\000a\000l\000s\000o}{chapter.46}% 302
\BOOKMARK [0][]{chapter.47}{\376\377\0004\0007\000\040\000B\000e\000n\000c\000h\000m\000a\000r\000k\000\040\000C\000o\000r\000r\000e\000c\000t\000l\000y}{part.9}% 303
\BOOKMARK [1][]{section.47.1}{\376\377\0004\0007\000.\0001\000\040\000T\000h\000e\000\040\000r\000u\000l\000e\000s}{chapter.47}% 304
\BOOKMARK [1][]{section.47.2}{\376\377\0004\0007\000.\0002\000\040\000S\000e\000t\000\040\000u\000p\000\040\000a\000\040\000m\000e\000a\000s\000u\000r\000e\000m\000e\000n\000t\000\040\000t\000h\000a\000t\000\040\000i\000s\000\040\000a\000c\000t\000u\000a\000l\000l\000y\000\040\000m\000e\000a\000s\000u\000r\000i\000n\000g\000\040\000y\000o\000u\000r\000\040\000c\000o\000d\000e}{chapter.47}% 305
\BOOKMARK [1][]{section.47.3}{\376\377\0004\0007\000.\0003\000\040\000s\000e\000e\000\040\000a\000l\000s\000o}{chapter.47}% 306
\BOOKMARK [-1][]{part.10}{\376\377\000X\000\040\000S\000u\000p\000p\000o\000r\000t}{}% 307
\BOOKMARK [0][]{chapter.48}{\376\377\0004\0008\000\040\000C\000h\000e\000a\000t\000\040\000S\000h\000e\000e\000t}{part.10}% 308
\BOOKMARK [1][]{section.48.1}{\376\377\0004\0008\000.\0001\000\040\000S\000t\000a\000r\000t\000\040\000h\000e\000r\000e}{chapter.48}% 309
\BOOKMARK [1][]{section.48.2}{\376\377\0004\0008\000.\0002\000\040\000F\000o\000r\000m\000a\000t\000\040\000n\000a\000m\000e\000s}{chapter.48}% 310
\BOOKMARK [1][]{section.48.3}{\376\377\0004\0008\000.\0003\000\040\000V\000a\000l\000u\000e\000s\000\040\000a\000n\000d\000\040\000c\000o\000d\000e\000\040\000p\000o\000i\000n\000t\000s}{chapter.48}% 311
\BOOKMARK [1][]{section.48.4}{\376\377\0004\0008\000.\0004\000\040\000P\000r\000o\000j\000e\000c\000t\000i\000o\000n\000\040\000s\000p\000e\000c\000i\000f\000i\000c\000a\000t\000i\000o\000n\000s}{chapter.48}% 312
\BOOKMARK [1][]{section.48.5}{\376\377\0004\0008\000.\0005\000\040\000S\000c\000a\000l\000a\000r\000\040\000o\000p\000e\000r\000a\000t\000i\000o\000n\000\040\000c\000a\000t\000a\000l\000o\000g}{chapter.48}% 313
\BOOKMARK [1][]{section.48.6}{\376\377\0004\0008\000.\0006\000\040\000A\000r\000r\000a\000y\000s}{chapter.48}% 314
\BOOKMARK [1][]{section.48.7}{\376\377\0004\0008\000.\0007\000\040\000B\000l\000o\000c\000k\000s\000\040\000a\000n\000d\000\040\000s\000c\000a\000l\000e\000d\000\040\000o\000p\000e\000r\000a\000t\000i\000o\000n\000s}{chapter.48}% 315
\BOOKMARK [1][]{section.48.8}{\376\377\0004\0008\000.\0008\000\040\000P\000a\000c\000k\000e\000d\000\040\000s\000t\000o\000r\000a\000g\000e}{chapter.48}% 316
\BOOKMARK [1][]{section.48.9}{\376\377\0004\0008\000.\0009\000\040\000C\000o\000n\000f\000o\000r\000m\000a\000n\000c\000e\000\040\000a\000n\000d\000\040\000a\000p\000p\000r\000o\000x\000i\000m\000a\000t\000i\000o\000n\000s}{chapter.48}% 317
\BOOKMARK [1][]{section.48.10}{\376\377\0004\0008\000.\0001\0000\000\040\000C\000o\000m\000m\000o\000n\000\040\000t\000r\000a\000p\000s}{chapter.48}% 318
\BOOKMARK [1][]{section.48.11}{\376\377\0004\0008\000.\0001\0001\000\040\000P\000e\000r\000f\000o\000r\000m\000a\000n\000c\000e\000\040\000c\000h\000e\000c\000k\000l\000i\000s\000t}{chapter.48}% 319
\BOOKMARK [0][]{chapter.49}{\376\377\0004\0009\000\040\000B\000e\000n\000c\000h\000m\000a\000r\000k\000\040\000r\000e\000p\000o\000r\000t}{part.10}% 320
\BOOKMARK [1][]{section.49.1}{\376\377\0004\0009\000.\0001\000\040\000C\000o\000r\000e\000\040\000p\000r\000i\000m\000i\000t\000i\000v\000e\000s}{chapter.49}% 321
\BOOKMARK [1][]{section.49.2}{\376\377\0004\0009\000.\0002\000\040\000S\000c\000a\000l\000a\000r\000\040\000o\000p\000e\000r\000a\000t\000i\000o\000n\000s}{chapter.49}% 322
\BOOKMARK [1][]{section.49.3}{\376\377\0004\0009\000.\0003\000\040\000S\000e\000n\000s\000i\000t\000i\000v\000i\000t\000y\000\040\000s\000t\000u\000d\000i\000e\000s}{chapter.49}% 323
\BOOKMARK [1][]{section.49.4}{\376\377\0004\0009\000.\0004\000\040\000K\000e\000r\000n\000e\000l\000s\000\040\000a\000n\000d\000\040\000s\000t\000o\000r\000a\000g\000e}{chapter.49}% 324
\BOOKMARK [0][]{chapter.50}{\376\377\0005\0000\000\040\000T\000r\000o\000u\000b\000l\000e\000s\000h\000o\000o\000t\000i\000n\000g}{part.10}% 325
\BOOKMARK [1][]{section.50.1}{\376\377\0005\0000\000.\0001\000\040\000V\000a\000l\000u\000e\000s\000\040\000\046\000\040\000C\000o\000n\000s\000t\000r\000u\000c\000t\000i\000o\000n}{chapter.50}% 326
\BOOKMARK [1][]{section.50.2}{\376\377\0005\0000\000.\0002\000\040\000A\000r\000i\000t\000h\000m\000e\000t\000i\000c\000\040\000\046\000\040\000S\000e\000m\000a\000n\000t\000i\000c\000s}{chapter.50}% 327
\BOOKMARK [1][]{section.50.3}{\376\377\0005\0000\000.\0003\000\040\000A\000r\000r\000a\000y\000s\000\040\000\046\000\040\000P\000e\000r\000f\000o\000r\000m\000a\000n\000c\000e}{chapter.50}% 328
\BOOKMARK [1][]{section.50.4}{\376\377\0005\0000\000.\0004\000\040\000R\000a\000n\000d\000o\000m\000\040\000\046\000\040\000S\000t\000o\000c\000h\000a\000s\000t\000i\000c}{chapter.50}% 329
\BOOKMARK [1][]{section.50.5}{\376\377\0005\0000\000.\0005\000\040\000s\000e\000e\000\040\000a\000l\000s\000o}{chapter.50}% 330
\BOOKMARK [0][]{chapter.51}{\376\377\0005\0001\000\040\000T\000h\000e\000\040\000S\000t\000a\000n\000d\000a\000r\000d\000\040\000a\000n\000d\000\040\000t\000h\000i\000s\000\040\000D\000e\000s\000i\000g\000n}{part.10}% 331
\BOOKMARK [1][]{section.51.1}{\376\377\0005\0001\000.\0001\000\040\000D\000e\000i\000g\000n\000i\000n\000g\000\040\000t\000o\000\040\000t\000h\000e\000\040\000D\000r\000a\000f\000t\000\040\000S\000t\000a\000n\000d\000a\000r\000d}{chapter.51}% 332
\BOOKMARK [1][]{section.51.2}{\376\377\0005\0001\000.\0002\000\040\000D\000e\000s\000i\000g\000n\000\040\000R\000a\000t\000i\000o\000n\000a\000l\000e\000s}{chapter.51}% 333
\BOOKMARK [1][]{section.51.3}{\376\377\0005\0001\000.\0003\000\040\000D\000e\000v\000e\000l\000o\000p\000m\000e\000n\000t\000\040\000n\000o\000t\000e\000s}{chapter.51}% 334
\BOOKMARK [1][]{section.51.4}{\376\377\0005\0001\000.\0004\000\040\000s\000e\000e\000\040\000a\000l\000s\000o}{chapter.51}% 335
\BOOKMARK [0][]{chapter.52}{\376\377\0005\0002\000\040\000G\000l\000o\000s\000s\000a\000r\000y}{part.10}% 336
\BOOKMARK [1][]{section.52.1}{\376\377\0005\0002\000.\0001\000\040\000s\000e\000e\000\040\000a\000l\000s\000o}{chapter.52}% 337
